Archive member included to satisfy reference by file (symbol)

libmain.a(main.cpp.o)         /ssd_data/RSICV_lib/reCamera/host-tools/gcc/riscv64-linux-musl-x86_64/bin/../sysroot/usr/lib64v0p7_xthead/lp64d/crt1.o (main)
libsscma.a(ma_engine_cvi.cpp.o)
                              libmain.a(main.cpp.o) (ma::engine::EngineCVI::EngineCVI())
libsscma.a(ma_model_base.cpp.o)
                              libmain.a(main.cpp.o) (ma::Model::getPerf() const)
libsscma.a(ma_model_classifier.cpp.o)
                              libmain.a(main.cpp.o) (ma::model::Classifier::getResults())
libsscma.a(ma_model_detector.cpp.o)
                              libmain.a(main.cpp.o) (ma::model::Detector::getResults())
libsscma.a(ma_model_factory.cpp.o)
                              libmain.a(main.cpp.o) (ma::ModelFactory::create(ma::engine::Engine*, unsigned long))
libsscma.a(ma_model_fomo.cpp.o)
                              libsscma.a(ma_model_factory.cpp.o) (ma::model::FOMO::FOMO(ma::engine::Engine*))
libsscma.a(ma_model_nvidia_det.cpp.o)
                              libsscma.a(ma_model_factory.cpp.o) (ma::model::NvidiaDet::NvidiaDet(ma::engine::Engine*))
libsscma.a(ma_model_pfld.cpp.o)
                              libsscma.a(ma_model_factory.cpp.o) (ma::model::PFLD::PFLD(ma::engine::Engine*))
libsscma.a(ma_model_point_detector.cpp.o)
                              libsscma.a(ma_model_pfld.cpp.o) (ma::model::PointDetector::PointDetector(ma::engine::Engine*, char const*, ma_model_type_t))
libsscma.a(ma_model_yolo11.cpp.o)
                              libsscma.a(ma_model_factory.cpp.o) (ma::model::Yolo11::Yolo11(ma::engine::Engine*))
libsscma.a(ma_model_yolo_world.cpp.o)
                              libsscma.a(ma_model_factory.cpp.o) (ma::model::YoloWorld::YoloWorld(ma::engine::Engine*))
libsscma.a(ma_model_yolov5.cpp.o)
                              libsscma.a(ma_model_factory.cpp.o) (ma::model::YoloV5::YoloV5(ma::engine::Engine*))
libsscma.a(ma_model_yolov8.cpp.o)
                              libsscma.a(ma_model_factory.cpp.o) (ma::model::YoloV8::YoloV8(ma::engine::Engine*))
libsscma.a(ma_model_yolov8_pose.cpp.o)
                              libsscma.a(ma_model_factory.cpp.o) (ma::model::YoloV8Pose::YoloV8Pose(ma::engine::Engine*))
libsscma.a(ma_anchors.cpp.o)  libsscma.a(ma_model_yolo_world.cpp.o) (ma::utils::generateAnchorStrides(unsigned long, std::vector<unsigned long, std::allocator<unsigned long> >))
libsscma.a(ma_nms.cpp.o)      libsscma.a(ma_model_nvidia_det.cpp.o) (ma::utils::nms(std::forward_list<ma_bbox_t, std::allocator<ma_bbox_t> >&, float, float, bool, bool))
libsscma.a(ma_misc.c.o)       libsscma.a(ma_model_base.cpp.o) (ma_get_time_ms)
libsscma.a(ma_cv.cpp.o)       libsscma.a(ma_model_classifier.cpp.o) (convert)
libsscma.a(ma_math_vectors.cpp.o)
                              libsscma.a(ma_model_yolo_world.cpp.o) (ma::math::softmax(float*, unsigned long))
libsscma.a(ma_model_pose_detector.cpp.o)
                              libsscma.a(ma_model_yolov8_pose.cpp.o) (ma::model::PoseDetector::PoseDetector(ma::engine::Engine*, char const*, ma_model_type_t))

Discarded input sections

 .note.GNU-stack
                0x0000000000000000        0x0 /ssd_data/RSICV_lib/reCamera/host-tools/gcc/riscv64-linux-musl-x86_64/bin/../sysroot/usr/lib64v0p7_xthead/lp64d/crt1.o
 .note.GNU-stack
                0x0000000000000000        0x0 /ssd_data/RSICV_lib/reCamera/host-tools/gcc/riscv64-linux-musl-x86_64/bin/../lib/gcc/riscv64-unknown-linux-musl/10.2.0/lib64v0p7_xthead/lp64d/crtbegin.o
 .note.GNU-stack
                0x0000000000000000        0x0 CMakeFiles/sscma-model.dir/dummy.c.o
 .group         0x0000000000000000        0x8 libmain.a(main.cpp.o)
 .group         0x0000000000000000        0xc libmain.a(main.cpp.o)
 .group         0x0000000000000000       0x10 libmain.a(main.cpp.o)
 .group         0x0000000000000000        0xc libmain.a(main.cpp.o)
 .group         0x0000000000000000        0xc libmain.a(main.cpp.o)
 .group         0x0000000000000000        0xc libmain.a(main.cpp.o)
 .group         0x0000000000000000        0x8 libmain.a(main.cpp.o)
 .group         0x0000000000000000        0xc libmain.a(main.cpp.o)
 .group         0x0000000000000000        0xc libmain.a(main.cpp.o)
 .group         0x0000000000000000        0x8 libmain.a(main.cpp.o)
 .group         0x0000000000000000        0xc libmain.a(main.cpp.o)
 .group         0x0000000000000000        0xc libmain.a(main.cpp.o)
 .group         0x0000000000000000        0xc libmain.a(main.cpp.o)
 .group         0x0000000000000000        0xc libmain.a(main.cpp.o)
 .group         0x0000000000000000        0xc libmain.a(main.cpp.o)
 .group         0x0000000000000000       0x10 libmain.a(main.cpp.o)
 .group         0x0000000000000000       0x14 libmain.a(main.cpp.o)
 .group         0x0000000000000000        0xc libmain.a(main.cpp.o)
 .group         0x0000000000000000        0x8 libmain.a(main.cpp.o)
 .group         0x0000000000000000        0xc libmain.a(main.cpp.o)
[...]
Memory Configuration

Name             Origin             Length             Attributes
*default*        0x0000000000000000 0xffffffffffffffff

Linker script and memory map

LOAD /ssd_data/RSICV_lib/reCamera/host-tools/gcc/riscv64-linux-musl-x86_64/bin/../sysroot/usr/lib64v0p7_xthead/lp64d/crt1.o
LOAD /ssd_data/RSICV_lib/reCamera/host-tools/gcc/riscv64-linux-musl-x86_64/bin/../lib/gcc/riscv64-unknown-linux-musl/10.2.0/lib64v0p7_xthead/lp64d/crti.o
LOAD /ssd_data/RSICV_lib/reCamera/host-tools/gcc/riscv64-linux-musl-x86_64/bin/../lib/gcc/riscv64-unknown-linux-musl/10.2.0/lib64v0p7_xthead/lp64d/crtbegin.o
LOAD CMakeFiles/sscma-model.dir/dummy.c.o
LOAD libmain.a
LOAD libsscma.a
LOAD libcjson.a
LOAD /ssd_data/sg200x_sdk/sg2002_recamera_emmc/buildroot-2021.05/output/cvitek_CV181X_musl_riscv64/host/riscv64-buildroot-linux-musl/sysroot/usr/lib/libmosquitto.so
LOAD /ssd_data/sg200x_sdk/sg2002_recamera_emmc/buildroot-2021.05/output/cvitek_CV181X_musl_riscv64/host/riscv64-buildroot-linux-musl/sysroot/usr/lib/libssl.a
LOAD /ssd_data/sg200x_sdk/sg2002_recamera_emmc/buildroot-2021.05/output/cvitek_CV181X_musl_riscv64/host/riscv64-buildroot-linux-musl/sysroot/usr/lib/libcrypto.a
LOAD /ssd_data/sg200x_sdk/sg2002_recamera_emmc/install/soc_sg2002_recamera_emmc/tpu_musl_riscv64/cvitek_tpu_sdk/lib/libcviruntime.so
LOAD libvideo.a
LOAD /ssd_data/sg200x_sdk/sg2002_recamera_emmc/cvi_mpi/lib/libae.so
LOAD /ssd_data/sg200x_sdk/sg2002_recamera_emmc/cvi_mpi/lib/libaf.so
LOAD /ssd_data/RSICV_lib/reCamera/host-tools/gcc/riscv64-linux-musl-x86_64/bin/../lib/gcc/riscv64-unknown-linux-musl/10.2.0/../../../../riscv64-unknown-linux-musl/lib/../lib64v0p7_xthead/lp64d/libatomic.so
LOAD /ssd_data/sg200x_sdk/sg2002_recamera_emmc/cvi_mpi/lib/libawb.so
LOAD /ssd_data/sg200x_sdk/sg2002_recamera_emmc/cvi_mpi/lib/libcvi_bin.so
LOAD /ssd_data/sg200x_sdk/sg2002_recamera_emmc/cvi_mpi/lib/libcvi_bin_isp.so
LOAD /ssd_data/sg200x_sdk/sg2002_recamera_emmc/cvi_mpi/lib/libgdc.so
LOAD /ssd_data/sg200x_sdk/sg2002_recamera_emmc/cvi_mpi/lib/libisp.so
LOAD /ssd_data/sg200x_sdk/sg2002_recamera_emmc/cvi_mpi/lib/libisp_algo.so
LOAD /ssd_data/sg200x_sdk/sg2002_recamera_emmc/cvi_mpi/lib/libsys.so
LOAD /ssd_data/sg200x_sdk/sg2002_recamera_emmc/cvi_mpi/lib/libvenc.so
LOAD /ssd_data/sg200x_sdk/sg2002_recamera_emmc/cvi_mpi/lib/libvpss.so
LOAD /ssd_data/sg200x_sdk/sg2002_recamera_emmc/cvi_mpi/lib/libvi.so
LOAD /ssd_data/sg200x_sdk/sg2002_recamera_emmc/cvi_mpi/lib/libvo.so
LOAD /ssd_data/sg200x_sdk/sg2002_recamera_emmc/cvi_mpi/lib/libsns_ov5647.so
LOAD /ssd_data/sg200x_sdk/sg2002_recamera_emmc/cvi_mpi/lib/libsns_sc530ai_2l.so
LOAD /ssd_data/sg200x_sdk/sg2002_recamera_emmc/cvi_mpi/lib/libcvi_ispd2.so
LOAD /ssd_data/sg200x_sdk/sg2002_recamera_emmc/buildroot-2021.05/output/cvitek_CV181X_musl_riscv64/host/riscv64-buildroot-linux-musl/sysroot/usr/lib/libjson-c.a
LOAD libjpegenc.a
LOAD /ssd_data/sg200x_sdk/sg2002_recamera_emmc/buildroot-2021.05/output/cvitek_CV181X_musl_riscv64/host/riscv64-buildroot-linux-musl/sysroot/usr/lib/libcares.so
LOAD /ssd_data/sg200x_sdk/sg2002_recamera_emmc/install/soc_sg2002_recamera_emmc/rootfs/mnt/system/lib/libcvi_rtsp.so
LOAD /ssd_data/sg200x_sdk/sg2002_recamera_emmc/buildroot-2021.05/output/cvitek_CV181X_musl_riscv64/host/riscv64-buildroot-linux-musl/sysroot/usr/lib/libopencv_core.so
LOAD /ssd_data/sg200x_sdk/sg2002_recamera_emmc/buildroot-2021.05/output/cvitek_CV181X_musl_riscv64/host/riscv64-buildroot-linux-musl/sysroot/usr/lib/libopencv_imgcodecs.so
LOAD /ssd_data/sg200x_sdk/sg2002_recamera_emmc/buildroot-2021.05/output/cvitek_CV181X_musl_riscv64/host/riscv64-buildroot-linux-musl/sysroot/usr/lib/libopencv_imgproc.so
LOAD ../lib/libopencv_core.so.3.2.0
LOAD ../lib/libopencv_imgproc.so.3.2.0
LOAD ../lib/libopencv_imgcodecs.so.3.2.0
LOAD ../lib/libopencv_core.so
LOAD ../lib/libopencv_imgproc.so
LOAD ../lib/libopencv_imgcodecs.so
LOAD ../lib/libopencv_features2d.so
LOAD ../lib/libopencv_flann.so
LOAD ../lib/libopencv_calib3d.so
LOAD /ssd_data/sg200x_sdk/sg2002_recamera_emmc/buildroot-2021.05/output/cvitek_CV181X_musl_riscv64/host/riscv64-buildroot-linux-musl/sysroot/usr/lib/libssl.so.1.1
LOAD /ssd_data/sg200x_sdk/sg2002_recamera_emmc/buildroot-2021.05/output/cvitek_CV181X_musl_riscv64/host/riscv64-buildroot-linux-musl/sysroot/usr/lib/libcrypto.so.1.1
LOAD /ssd_data/sg200x_sdk/sg2002_recamera_emmc/buildroot-2021.05/output/cvitek_CV181X_musl_riscv64/host/riscv64-buildroot-linux-musl/sysroot/usr/lib/libjson-c.so.5.1.0
LOAD /ssd_data/RSICV_lib/reCamera/host-tools/gcc/riscv64-linux-musl-x86_64/bin/../lib/gcc/riscv64-unknown-linux-musl/10.2.0/../../../../riscv64-unknown-linux-musl/lib/../lib64v0p7_xthead/lp64d/libstdc++.so
LOAD /ssd_data/sg200x_sdk/sg2002_recamera_emmc/buildroot-2021.05/output/cvitek_CV181X_musl_riscv64/host/riscv64-buildroot-linux-musl/sysroot/usr/lib/libm.a
LOAD /ssd_data/RSICV_lib/reCamera/host-tools/gcc/riscv64-linux-musl-x86_64/bin/../lib/gcc/riscv64-unknown-linux-musl/10.2.0/../../../../riscv64-unknown-linux-musl/lib/../lib64v0p7_xthead/lp64d/libgcc_s.so
START GROUP
LOAD /ssd_data/RSICV_lib/reCamera/host-tools/gcc/riscv64-linux-musl-x86_64/bin/../lib/gcc/riscv64-unknown-linux-musl/10.2.0/../../../../riscv64-unknown-linux-musl/lib/../lib64v0p7_xthead/lp64d/libgcc_s.so.1
LOAD /ssd_data/RSICV_lib/reCamera/host-tools/gcc/riscv64-linux-musl-x86_64/bin/../lib/gcc/riscv64-unknown-linux-musl/10.2.0/lib64v0p7_xthead/lp64d/libgcc.a
END GROUP
LOAD /ssd_data/RSICV_lib/reCamera/host-tools/gcc/riscv64-linux-musl-x86_64/bin/../lib/gcc/riscv64-unknown-linux-musl/10.2.0/lib64v0p7_xthead/lp64d/libgcc.a
LOAD /ssd_data/sg200x_sdk/sg2002_recamera_emmc/buildroot-2021.05/output/cvitek_CV181X_musl_riscv64/host/riscv64-buildroot-linux-musl/sysroot/usr/lib/libc.so
LOAD /ssd_data/RSICV_lib/reCamera/host-tools/gcc/riscv64-linux-musl-x86_64/bin/../lib/gcc/riscv64-unknown-linux-musl/10.2.0/../../../../riscv64-unknown-linux-musl/lib/../lib64v0p7_xthead/lp64d/libgcc_s.so
START GROUP
LOAD /ssd_data/RSICV_lib/reCamera/host-tools/gcc/riscv64-linux-musl-x86_64/bin/../lib/gcc/riscv64-unknown-linux-musl/10.2.0/../../../../riscv64-unknown-linux-musl/lib/../lib64v0p7_xthead/lp64d/libgcc_s.so.1
LOAD /ssd_data/RSICV_lib/reCamera/host-tools/gcc/riscv64-linux-musl-x86_64/bin/../lib/gcc/riscv64-unknown-linux-musl/10.2.0/lib64v0p7_xthead/lp64d/libgcc.a
END GROUP
LOAD /ssd_data/RSICV_lib/reCamera/host-tools/gcc/riscv64-linux-musl-x86_64/bin/../lib/gcc/riscv64-unknown-linux-musl/10.2.0/lib64v0p7_xthead/lp64d/libgcc.a
LOAD /ssd_data/RSICV_lib/reCamera/host-tools/gcc/riscv64-linux-musl-x86_64/bin/../lib/gcc/riscv64-unknown-linux-musl/10.2.0/lib64v0p7_xthead/lp64d/crtend.o
LOAD /ssd_data/RSICV_lib/reCamera/host-tools/gcc/riscv64-linux-musl-x86_64/bin/../lib/gcc/riscv64-unknown-linux-musl/10.2.0/lib64v0p7_xthead/lp64d/crtn.o
                [!provide]                        PROVIDE (__executable_start = SEGMENT_START ("text-segment", 0x10000))
                0x0000000000010200                . = (SEGMENT_START ("text-segment", 0x10000) + SIZEOF_HEADERS)

.interp         0x0000000000010200       0x25
 *(.interp)
 .interp        0x0000000000010200       0x25 /ssd_data/RSICV_lib/reCamera/host-tools/gcc/riscv64-linux-musl-x86_64/bin/../sysroot/usr/lib64v0p7_xthead/lp64d/crt1.o

.note.gnu.build-id
 *(.note.gnu.build-id)

.hash           0x0000000000010228     0x16e8
 *(.hash)
 .hash          0x0000000000010228     0x16e8 /ssd_data/RSICV_lib/reCamera/host-tools/gcc/riscv64-linux-musl-x86_64/bin/../sysroot/usr/lib64v0p7_xthead/lp64d/crt1.o

.gnu.hash       0x0000000000011910     0x1ad8
 *(.gnu.hash)
 .gnu.hash      0x0000000000011910     0x1ad8 /ssd_data/RSICV_lib/reCamera/host-tools/gcc/riscv64-linux-musl-x86_64/bin/../sysroot/usr/lib64v0p7_xthead/lp64d/crt1.o

.dynsym         0x00000000000133e8     0x5868
 *(.dynsym)
 .dynsym        0x00000000000133e8     0x5868 /ssd_data/RSICV_lib/reCamera/host-tools/gcc/riscv64-linux-musl-x86_64/bin/../sysroot/usr/lib64v0p7_xthead/lp64d/crt1.o

.dynstr         0x0000000000018c50     0xdfe5
 *(.dynstr)
 .dynstr        0x0000000000018c50     0xdfe5 /ssd_data/RSICV_lib/reCamera/host-tools/gcc/riscv64-linux-musl-x86_64/bin/../sysroot/usr/lib64v0p7_xthead/lp64d/crt1.o

.gnu.version    0x0000000000026c36      0x75e
 *(.gnu.version)
 .gnu.version   0x0000000000026c36      0x75e /ssd_data/RSICV_lib/reCamera/host-tools/gcc/riscv64-linux-musl-x86_64/bin/../sysroot/usr/lib64v0p7_xthead/lp64d/crt1.o

.gnu.version_d  0x0000000000027398        0x0
 *(.gnu.version_d)
 .gnu.version_d
                0x0000000000027398        0x0 /ssd_data/RSICV_lib/reCamera/host-tools/gcc/riscv64-linux-musl-x86_64/bin/../sysroot/usr/lib64v0p7_xthead/lp64d/crt1.o

.gnu.version_r  0x0000000000027398       0x90
 *(.gnu.version_r)
 .gnu.version_r
                0x0000000000027398       0x90 /ssd_data/RSICV_lib/reCamera/host-tools/gcc/riscv64-linux-musl-x86_64/bin/../sysroot/usr/lib64v0p7_xthead/lp64d/crt1.o

.rela.dyn       0x0000000000027428     0x53a0
 *(.rela.init)
 *(.rela.text .rela.text.* .rela.gnu.linkonce.t.*)
 .rela.text     0x0000000000027428        0x0 /ssd_data/RSICV_lib/reCamera/host-tools/gcc/riscv64-linux-musl-x86_64/bin/../sysroot/usr/lib64v0p7_xthead/lp64d/crt1.o
 .rela.text._start_c
                0x0000000000027428        0x0 /ssd_data/RSICV_lib/reCamera/host-tools/gcc/riscv64-linux-musl-x86_64/bin/../sysroot/usr/lib64v0p7_xthead/lp64d/crt1.o
 *(.rela.fini)
 *(.rela.rodata .rela.rodata.* .rela.gnu.linkonce.r.*)
 *(.rela.data .rela.data.* .rela.gnu.linkonce.d.*)
 .rela.data.rel.ro
                0x0000000000027428        0x0 /ssd_data/RSICV_lib/reCamera/host-tools/gcc/riscv64-linux-musl-x86_64/bin/../sysroot/usr/lib64v0p7_xthead/lp64d/crt1.o
 .rela.data.rel.local.DW.ref.__gxx_personality_v0
                0x0000000000027428        0x0 /ssd_data/RSICV_lib/reCamera/host-tools/gcc/riscv64-linux-musl-x86_64/bin/../sysroot/usr/lib64v0p7_xthead/lp64d/crt1.o
 .rela.data.rel.ro._ZTVN2ma6engine9EngineCVIE
                0x0000000000027428        0x0 /ssd_data/RSICV_lib/reCamera/host-tools/gcc/riscv64-linux-musl-x86_64/bin/../sysroot/usr/lib64v0p7_xthead/lp64d/crt1.o
 .rela.data.rel.ro._ZTVN2ma6engine6EngineE
                0x0000000000027428        0x0 /ssd_data/RSICV_lib/reCamera/host-tools/gcc/riscv64-linux-musl-x86_64/bin/../sysroot/usr/lib64v0p7_xthead/lp64d/crt1.o
 .rela.data.rel.ro._ZTIN2ma6engine9EngineCVIE
                0x0000000000027428       0x18 /ssd_data/RSICV_lib/reCamera/host-tools/gcc/riscv64-linux-musl-x86_64/bin/../sysroot/usr/lib64v0p7_xthead/lp64d/crt1.o
 .rela.data.rel.ro._ZTIN2ma6engine6EngineE
                0x0000000000027440       0x18 /ssd_data/RSICV_lib/reCamera/host-tools/gcc/riscv64-linux-musl-x86_64/bin/../sysroot/usr/lib64v0p7_xthead/lp64d/crt1.o
 .rela.data.rel.ro._ZTVN2ma5ModelE
                0x0000000000027458        0x0 /ssd_data/RSICV_lib/reCamera/host-tools/gcc/riscv64-linux-musl-x86_64/bin/../sysroot/usr/lib64v0p7_xthead/lp64d/crt1.o
 .rela.data.rel.ro._ZTIN2ma5ModelE
                0x0000000000027458       0x18 /ssd_data/RSICV_lib/reCamera/host-tools/gcc/riscv64-linux-musl-x86_64/bin/../sysroot/usr/lib64v0p7_xthead/lp64d/crt1.o
 .rela.data.rel.ro._ZTVN2ma5model10ClassifierE
                0x0000000000027470        0x0 /ssd_data/RSICV_lib/reCamera/host-tools/gcc/riscv64-linux-musl-x86_64/bin/../sysroot/usr/lib64v0p7_xthead/lp64d/crt1.o
 .rela.data.rel.ro._ZTIN2ma5model10ClassifierE
                0x0000000000027470       0x18 /ssd_data/RSICV_lib/reCamera/host-tools/gcc/riscv64-linux-musl-x86_64/bin/../sysroot/usr/lib64v0p7_xthead/lp64d/crt1.o
 .rela.data.rel.ro._ZTVN2ma5model8DetectorE
                0x0000000000027488        0x0 /ssd_data/RSICV_lib/reCamera/host-tools/gcc/riscv64-linux-musl-x86_64/bin/../sysroot/usr/lib64v0p7_xthead/lp64d/crt1.o
 .rela.data.rel.ro._ZTIN2ma5model8DetectorE
                0x0000000000027488       0x18 /ssd_data/RSICV_lib/reCamera/host-tools/gcc/riscv64-linux-musl-x86_64/bin/../sysroot/usr/lib64v0p7_xthead/lp64d/crt1.o
 .rela.data.rel.ro._ZTVN2ma5model4FOMOE
                0x00000000000274a0        0x0 /ssd_data/RSICV_lib/reCamera/host-tools/gcc/riscv64-linux-musl-x86_64/bin/../sysroot/usr/lib64v0p7_xthead/lp64d/crt1.o
 .rela.data.rel.ro._ZTIN2ma5model4FOMOE
                0x00000000000274a0       0x18 /ssd_data/RSICV_lib/reCamera/host-tools/gcc/riscv64-linux-musl-x86_64/bin/../sysroot/usr/lib64v0p7_xthead/lp64d/crt1.o
 .rela.data.rel.ro._ZTVN2ma5model9NvidiaDetE
                0x00000000000274b8        0x0 /ssd_data/RSICV_lib/reCamera/host-tools/gcc/riscv64-linux-musl-x86_64/bin/../sysroot/usr/lib64v0p7_xthead/lp64d/crt1.o
 .rela.data.rel.ro._ZTIN2ma5model9NvidiaDetE
                0x00000000000274b8       0x18 /ssd_data/RSICV_lib/reCamera/host-tools/gcc/riscv64-linux-musl-x86_64/bin/../sysroot/usr/lib64v0p7_xthead/lp64d/crt1.o
 .rela.data.rel.ro._ZTVN2ma5model4PFLDE
                0x00000000000274d0        0x0 /ssd_data/RSICV_lib/reCamera/host-tools/gcc/riscv64-linux-musl-x86_64/bin/../sysroot/usr/lib64v0p7_xthead/lp64d/crt1.o
 .rela.data.rel.ro._ZTIN2ma5model4PFLDE
                0x00000000000274d0       0x18 /ssd_data/RSICV_lib/reCamera/host-tools/gcc/riscv64-linux-musl-x86_64/bin/../sysroot/usr/lib64v0p7_xthead/lp64d/crt1.o
 .rela.data.rel.ro._ZTVN2ma5model13PointDetectorE
                0x00000000000274e8        0x0 /ssd_data/RSICV_lib/reCamera/host-tools/gcc/riscv64-linux-musl-x86_64/bin/../sysroot/usr/lib64v0p7_xthead/lp64d/crt1.o
 .rela.data.rel.ro._ZTIN2ma5model13PointDetectorE
                0x00000000000274e8       0x18 /ssd_data/RSICV_lib/reCamera/host-tools/gcc/riscv64-linux-musl-x86_64/bin/../sysroot/usr/lib64v0p7_xthead/lp64d/crt1.o
 .rela.data.rel.ro._ZTVN2ma5model6Yolo11E
                0x0000000000027500        0x0 /ssd_data/RSICV_lib/reCamera/host-tools/gcc/riscv64-linux-musl-x86_64/bin/../sysroot/usr/lib64v0p7_xthead/lp64d/crt1.o
 .rela.data.rel.ro._ZTIN2ma5model6Yolo11E
                0x0000000000027500       0x18 /ssd_data/RSICV_lib/reCamera/host-tools/gcc/riscv64-linux-musl-x86_64/bin/../sysroot/usr/lib64v0p7_xthead/lp64d/crt1.o
 .rela.data.rel.ro._ZTVN2ma5model9YoloWorldE
                0x0000000000027518        0x0 /ssd_data/RSICV_lib/reCamera/host-tools/gcc/riscv64-linux-musl-x86_64/bin/../sysroot/usr/lib64v0p7_xthead/lp64d/crt1.o
 .rela.data.rel.ro._ZTIN2ma5model9YoloWorldE
                0x0000000000027518       0x18 /ssd_data/RSICV_lib/reCamera/host-tools/gcc/riscv64-linux-musl-x86_64/bin/../sysroot/usr/lib64v0p7_xthead/lp64d/crt1.o
 .rela.data.rel.ro._ZTVN2ma5model6YoloV5E
                0x0000000000027530        0x0 /ssd_data/RSICV_lib/reCamera/host-tools/gcc/riscv64-linux-musl-x86_64/bin/../sysroot/usr/lib64v0p7_xthead/lp64d/crt1.o
 .rela.data.rel.ro._ZTIN2ma5model6YoloV5E
                0x0000000000027530       0x18 /ssd_data/RSICV_lib/reCamera/host-tools/gcc/riscv64-linux-musl-x86_64/bin/../sysroot/usr/lib64v0p7_xthead/lp64d/crt1.o
 .rela.data.rel.ro._ZTVN2ma5model6YoloV8E
                0x0000000000027548        0x0 /ssd_data/RSICV_lib/reCamera/host-tools/gcc/riscv64-linux-musl-x86_64/bin/../sysroot/usr/lib64v0p7_xthead/lp64d/crt1.o
 .rela.data.rel.ro._ZTIN2ma5model6YoloV8E
                0x0000000000027548       0x18 /ssd_data/RSICV_lib/reCamera/host-tools/gcc/riscv64-linux-musl-x86_64/bin/../sysroot/usr/lib64v0p7_xthead/lp64d/crt1.o
 .rela.data.rel.ro._ZTVN2ma5model10YoloV8PoseE
                0x0000000000027560        0x0 /ssd_data/RSICV_lib/reCamera/host-tools/gcc/riscv64-linux-musl-x86_64/bin/../sysroot/usr/lib64v0p7_xthead/lp64d/crt1.o
 .rela.data.rel.ro._ZTIN2ma5model10YoloV8PoseE
                0x0000000000027560       0x18 /ssd_data/RSICV_lib/reCamera/host-tools/gcc/riscv64-linux-musl-x86_64/bin/../sysroot/usr/lib64v0p7_xthead/lp64d/crt1.o
 .rela.data.rel.ro._ZTVN2ma5model12PoseDetectorE
                0x0000000000027578        0x0 /ssd_data/RSICV_lib/reCamera/host-tools/gcc/riscv64-linux-musl-x86_64/bin/../sysroot/usr/lib64v0p7_xthead/lp64d/crt1.o
 .rela.data.rel.ro._ZTIN2ma5model12PoseDetectorE
                0x0000000000027578       0x18 /ssd_data/RSICV_lib/reCamera/host-tools/gcc/riscv64-linux-musl-x86_64/bin/../sysroot/usr/lib64v0p7_xthead/lp64d/crt1.o
 *(.rela.tdata .rela.tdata.* .rela.gnu.linkonce.td.*)
 *(.rela.tbss .rela.tbss.* .rela.gnu.linkonce.tb.*)
 *(.rela.ctors)
 *(.rela.dtors)
 *(.rela.got)
 .rela.got      0x0000000000027590     0x5238 /ssd_data/RSICV_lib/reCamera/host-tools/gcc/riscv64-linux-musl-x86_64/bin/../sysroot/usr/lib64v0p7_xthead/lp64d/crt1.o
 *(.rela.sdata .rela.sdata.* .rela.gnu.linkonce.s.*)
 *(.rela.sbss .rela.sbss.* .rela.gnu.linkonce.sb.*)
 *(.rela.sdata2 .rela.sdata2.* .rela.gnu.linkonce.s2.*)
 *(.rela.sbss2 .rela.sbss2.* .rela.gnu.linkonce.sb2.*)
 *(.rela.bss .rela.bss.* .rela.gnu.linkonce.b.*)
 .rela.bss      0x000000000002c7c8        0x0 /ssd_data/RSICV_lib/reCamera/host-tools/gcc/riscv64-linux-musl-x86_64/bin/../sysroot/usr/lib64v0p7_xthead/lp64d/crt1.o
                [!provide]                        PROVIDE (__rela_iplt_start = .)
 *(.rela.iplt)
                [!provide]                        PROVIDE (__rela_iplt_end = .)

.rela.plt       0x000000000002c7c8      0x570
 *(.rela.plt)
 .rela.plt      0x000000000002c7c8      0x570 /ssd_data/RSICV_lib/reCamera/host-tools/gcc/riscv64-linux-musl-x86_64/bin/../sysroot/usr/lib64v0p7_xthead/lp64d/crt1.o

.init
 *(SORT_NONE(.init))

.plt            0x000000000002cd40      0x3c0
 *(.plt)
 .plt           0x000000000002cd40      0x3c0 /ssd_data/RSICV_lib/reCamera/host-tools/gcc/riscv64-linux-musl-x86_64/bin/../sysroot/usr/lib64v0p7_xthead/lp64d/crt1.o
                0x000000000002cd40                _PROCEDURE_LINKAGE_TABLE_
                0x000000000002cd60                __register_frame_info@@GLIBC_2.0
                0x000000000002cd70                __libc_start_main
                0x000000000002cd80                exit
                0x000000000002cd90                strlen
                0x000000000002cda0                cv::fastFree(void*)
                0x000000000002cdb0                printf
                0x000000000002cdc0                cv::rectangle(cv::_InputOutputArray const&, cv::Point_<int>, cv::Point_<int>, cv::Scalar_<double> const&, int, int, int)
                0x000000000002cdd0                logf
                0x000000000002cde0                memmove
                0x000000000002cdf0                std::__throw_bad_alloc()@@GLIBCXX_3.4
                0x000000000002ce00                std::__throw_bad_function_call()@@GLIBCXX_3.4.14
                0x000000000002ce10                __cxa_begin_catch@@CXXABI_1.3
                0x000000000002ce20                std::__cxx11::basic_string<char, std::char_traits<char>, std::allocator<char> >::c_str() const@@GLIBCXX_3.4.21
                0x000000000002ce30                exp
                0x000000000002ce40                __deregister_frame_info@@GLIBC_2.0
                0x000000000002ce50                cv::copyMakeBorder(cv::_InputArray const&, cv::_OutputArray const&, int, int, int, int, int, cv::Scalar_<double> const&)
                0x000000000002ce60                CVI_NN_TensorQuantScale
                0x000000000002ce70                puts
                0x000000000002ce80                CVI_NN_Forward
                0x000000000002ce90                std::__throw_length_error(char const*)@@GLIBCXX_3.4
                0x000000000002cea0                CVI_NN_TensorShape
                0x000000000002ceb0                CVI_NN_TensorName
                0x000000000002cec0                strcmp
                0x000000000002ced0                _fini
                0x000000000002cee0                CVI_NN_RegisterModel
                0x000000000002cef0                cv::putText(cv::_InputOutputArray const&, cv::String const&, cv::Point_<int>, int, double, cv::Scalar_<double>, int, int, bool)
                0x000000000002cf00                cv::String::deallocate()
                0x000000000002cf10                cv::String::allocate(unsigned long)
                0x000000000002cf20                operator new(unsigned long)@@GLIBCXX_3.4
                0x000000000002cf30                operator delete(void*, unsigned long)@@CXXABI_1.3.9
                0x000000000002cf40                cv::resize(cv::_InputArray const&, cv::_OutputArray const&, cv::Size_<int>, double, double, int)
                0x000000000002cf50                _init
                0x000000000002cf60                __cxa_atexit
                0x000000000002cf70                memcpy
                0x000000000002cf80                usleep
                0x000000000002cf90                cv::imwrite(cv::String const&, cv::_InputArray const&, std::vector<int, std::allocator<int> > const&)
                0x000000000002cfa0                cv::imread(cv::String const&, int)
                0x000000000002cfb0                clock_gettime
                0x000000000002cfc0                cv::cvtColor(cv::_InputArray const&, cv::_OutputArray const&, int, int)
                0x000000000002cfd0                CVI_NN_TensorQuantZeroPoint
                0x000000000002cfe0                __cxa_rethrow@@CXXABI_1.3
                0x000000000002cff0                std::ios_base::Init::Init()@@GLIBCXX_3.4
                0x000000000002d000                CVI_NN_GetInputOutputTensors
                0x000000000002d010                sprintf
                0x000000000002d020                CVI_NN_CleanupModel
                0x000000000002d030                __cxa_end_catch@@CXXABI_1.3
                0x000000000002d040                __gxx_personality_v0@@CXXABI_1.3
                0x000000000002d050                CVI_NN_RegisterModelFromBuffer
                0x000000000002d060                expf
                0x000000000002d070                _Unwind_Resume@@GCC_3.0
                0x000000000002d080                floorf
                0x000000000002d090                CVI_NN_SetTensorPtr
                0x000000000002d0a0                CVI_NN_SetTensorPhysicalAddr
                0x000000000002d0b0                CVI_NN_TensorPtr
                0x000000000002d0c0                CVI_NN_TensorSize
                0x000000000002d0d0                __cxa_pure_virtual@@CXXABI_1.3
                0x000000000002d0e0                cv::Mat::copyTo(cv::_OutputArray const&) const
                0x000000000002d0f0                cv::Mat::deallocate()

.iplt
 *(.iplt)

.text           0x000000000002d100    0x1df64
 *(.text.unlikely .text.*_unlikely .text.unlikely.*)
 *(.text.exit .text.exit.*)
 *(.text.startup .text.startup.*)
 *(.text.hot .text.hot.*)
 *(SORT_BY_NAME(.text.sorted.*))
 *(.text .stub .text.* .gnu.linkonce.t.*)
 .text          0x000000000002d100       0x18 /ssd_data/RSICV_lib/reCamera/host-tools/gcc/riscv64-linux-musl-x86_64/bin/../sysroot/usr/lib64v0p7_xthead/lp64d/crt1.o
                0x000000000002d100                _start
 .text._start_c
                0x000000000002d118       0x22 /ssd_data/RSICV_lib/reCamera/host-tools/gcc/riscv64-linux-musl-x86_64/bin/../sysroot/usr/lib64v0p7_xthead/lp64d/crt1.o
                0x000000000002d118                _start_c
 .text          0x000000000002d13a        0x0 /ssd_data/RSICV_lib/reCamera/host-tools/gcc/riscv64-linux-musl-x86_64/bin/../lib/gcc/riscv64-unknown-linux-musl/10.2.0/lib64v0p7_xthead/lp64d/crti.o
 *fill*         0x000000000002d13a        0x6 
 .text          0x000000000002d140       0xbc /ssd_data/RSICV_lib/reCamera/host-tools/gcc/riscv64-linux-musl-x86_64/bin/../lib/gcc/riscv64-unknown-linux-musl/10.2.0/lib64v0p7_xthead/lp64d/crtbegin.o
 .text          0x000000000002d1fc        0x0 CMakeFiles/sscma-model.dir/dummy.c.o
 .text          0x000000000002d1fc     0x1204 libmain.a(main.cpp.o)
                0x000000000002d1fc                main
 .text._ZnwmPv  0x000000000002e400       0x1a libmain.a(main.cpp.o)
                0x000000000002e400                operator new(unsigned long, void*)
 .text._ZN2cv6StringC2EPKc
                0x000000000002e41a       0x5a libmain.a(main.cpp.o)
                0x000000000002e41a                cv::String::String(char const*)
                0x000000000002e41a                cv::String::String(char const*)
 .text._ZN2cv6StringD2Ev
                0x000000000002e474       0x1e libmain.a(main.cpp.o)
                0x000000000002e474                cv::String::~String()
                0x000000000002e474                cv::String::~String()
 .text._ZNSt12_Vector_baseIiSaIiEE12_Vector_implD2Ev
                0x000000000002e492       0x24 libmain.a(main.cpp.o)
                0x000000000002e492                std::_Vector_base<int, std::allocator<int> >::_Vector_impl::~_Vector_impl()
                0x000000000002e492                std::_Vector_base<int, std::allocator<int> >::_Vector_impl::~_Vector_impl()
 .text._ZNSt12_Vector_baseIiSaIiEEC2Ev
                0x000000000002e4b6       0x26 libmain.a(main.cpp.o)
                0x000000000002e4b6                std::_Vector_base<int, std::allocator<int> >::_Vector_base()
                0x000000000002e4b6                std::_Vector_base<int, std::allocator<int> >::_Vector_base()
 .text._ZNSt6vectorIiSaIiEEC2Ev
                0x000000000002e4dc       0x26 libmain.a(main.cpp.o)
                0x000000000002e4dc                std::vector<int, std::allocator<int> >::vector()
                0x000000000002e4dc                std::vector<int, std::allocator<int> >::vector()
 .text._ZN2cv11_InputArray4initEiPKv
                0x000000000002e502       0x30 libmain.a(main.cpp.o)
                0x000000000002e502                cv::_InputArray::init(int, void const*)
 .text._ZN2cv11_InputArrayC2Ev
                0x000000000002e532       0x3a libmain.a(main.cpp.o)
                0x000000000002e532                cv::_InputArray::_InputArray()
                0x000000000002e532                cv::_InputArray::_InputArray()
 .text._ZN2cv11_InputArrayC2ERKNS_3MatE
                0x000000000002e56c       0x42 libmain.a(main.cpp.o)
                0x000000000002e56c                cv::_InputArray::_InputArray(cv::Mat const&)
                0x000000000002e56c                cv::_InputArray::_InputArray(cv::Mat const&)
 .text._ZN2cv11_InputArrayD2Ev
                0x000000000002e5ae       0x12 libmain.a(main.cpp.o)
                0x000000000002e5ae                cv::_InputArray::~_InputArray()
                0x000000000002e5ae                cv::_InputArray::~_InputArray()
 .text._ZN2cv12_OutputArrayC2Ev
                0x000000000002e5c0       0x3c libmain.a(main.cpp.o)
                0x000000000002e5c0                cv::_OutputArray::_OutputArray()
                0x000000000002e5c0                cv::_OutputArray::_OutputArray()
 .text._ZN2cv12_OutputArrayC2ERNS_3MatE
                0x000000000002e5fc       0x42 libmain.a(main.cpp.o)
                0x000000000002e5fc                cv::_OutputArray::_OutputArray(cv::Mat&)
                0x000000000002e5fc                cv::_OutputArray::_OutputArray(cv::Mat&)
 .text._ZN2cv12_OutputArrayD2Ev
                0x000000000002e63e       0x26 libmain.a(main.cpp.o)
                0x000000000002e63e                cv::_OutputArray::~_OutputArray()
                0x000000000002e63e                cv::_OutputArray::~_OutputArray()
 .text._ZN2cv17_InputOutputArrayC2ERNS_3MatE
                0x000000000002e664       0x42 libmain.a(main.cpp.o)
                0x000000000002e664                cv::_InputOutputArray::_InputOutputArray(cv::Mat&)
                0x000000000002e664                cv::_InputOutputArray::_InputOutputArray(cv::Mat&)
 .text._ZN2cv3MatC2Ev
                0x000000000002e6a6       0x98 libmain.a(main.cpp.o)
                0x000000000002e6a6                cv::Mat::Mat()
                0x000000000002e6a6                cv::Mat::Mat()
 .text._ZN2cv3MatD2Ev
                0x000000000002e73e       0x42 libmain.a(main.cpp.o)
                0x000000000002e73e                cv::Mat::~Mat()
                0x000000000002e73e                cv::Mat::~Mat()
 .text._ZNK2cv3Mat5cloneEv
                0x000000000002e780       0x8a libmain.a(main.cpp.o)
                0x000000000002e780                cv::Mat::clone() const
 .text._ZN2cv3Mat7releaseEv
                0x000000000002e80a       0xae libmain.a(main.cpp.o)
                0x000000000002e80a                cv::Mat::release()
 .text._ZNK2cv3Mat8channelsEv
                0x000000000002e8b8       0x28 libmain.a(main.cpp.o)
                0x000000000002e8b8                cv::Mat::channels() const
 .text._ZN2cv3MataSEOS0_
                0x000000000002e8e0      0x1fa libmain.a(main.cpp.o)
                0x000000000002e8e0                cv::Mat::operator=(cv::Mat&&)
 .text._ZN2cv7MatSizeC2EPi
                0x000000000002eada       0x20 libmain.a(main.cpp.o)
                0x000000000002eada                cv::MatSize::MatSize(int*)
                0x000000000002eada                cv::MatSize::MatSize(int*)
 .text._ZN2cv7MatStepC2Ev
                0x000000000002eafa       0x36 libmain.a(main.cpp.o)
                0x000000000002eafa                cv::MatStep::MatStep()
                0x000000000002eafa                cv::MatStep::MatStep()
 .text._ZN2cv7MatStepixEi
                0x000000000002eb30       0x26 libmain.a(main.cpp.o)
                0x000000000002eb30                cv::MatStep::operator[](int)
 .text._ZN2cv17_InputOutputArrayD2Ev
                0x000000000002eb56       0x26 libmain.a(main.cpp.o)
                0x000000000002eb56                cv::_InputOutputArray::~_InputOutputArray()
                0x000000000002eb56                cv::_InputOutputArray::~_InputOutputArray()
 .text._ZNSt12_Vector_baseIiSaIiEE12_Vector_implC2Ev
                0x000000000002eb7c       0x34 libmain.a(main.cpp.o)
                0x000000000002eb7c                std::_Vector_base<int, std::allocator<int> >::_Vector_impl::_Vector_impl()
                0x000000000002eb7c                std::_Vector_base<int, std::allocator<int> >::_Vector_impl::_Vector_impl()
 .text._ZNSaIiED2Ev
                0x000000000002ebb0       0x24 libmain.a(main.cpp.o)
                0x000000000002ebb0                std::allocator<int>::~allocator()
                0x000000000002ebb0                std::allocator<int>::~allocator()
 .text._ZNSt12_Vector_baseIiSaIiEED2Ev
                0x000000000002ebd4       0x50 libmain.a(main.cpp.o)
                0x000000000002ebd4                std::_Vector_base<int, std::allocator<int> >::~_Vector_base()
                0x000000000002ebd4                std::_Vector_base<int, std::allocator<int> >::~_Vector_base()
 .text._ZNSt6vectorIiSaIiEED2Ev
                0x000000000002ec24       0x5e libmain.a(main.cpp.o)
                0x000000000002ec24                std::vector<int, std::allocator<int> >::~vector()
                0x000000000002ec24                std::vector<int, std::allocator<int> >::~vector()
 .text._ZN2cv5Size_IiEC2Ev
                0x000000000002ec82       0x22 libmain.a(main.cpp.o)
                0x000000000002ec82                cv::Size_<int>::Size_()
                0x000000000002ec82                cv::Size_<int>::Size_()
 .text._ZN2cv5Size_IiEC2Eii
                0x000000000002eca4       0x34 libmain.a(main.cpp.o)
                0x000000000002eca4                cv::Size_<int>::Size_(int, int)
                0x000000000002eca4                cv::Size_<int>::Size_(int, int)
 .text._ZN2cv6Point_IiEC2Eii
                0x000000000002ecd8       0x34 libmain.a(main.cpp.o)
                0x000000000002ecd8                cv::Point_<int>::Point_(int, int)
                0x000000000002ecd8                cv::Point_<int>::Point_(int, int)
 .text._ZN2cv7Scalar_IdE3allEd
                0x000000000002ed0c       0x3a libmain.a(main.cpp.o)
                0x000000000002ed0c                cv::Scalar_<double>::all(double)
 .text._ZSt3minIdERKT_S2_S2_
                0x000000000002ed46       0x32 libmain.a(main.cpp.o)
                0x000000000002ed46                double const& std::min<double>(double const&, double const&)
 .text._ZNSt12forward_listI10ma_class_tSaIS0_EEC2ERKS2_
                0x000000000002ed78       0xce libmain.a(main.cpp.o)
                0x000000000002ed78                std::forward_list<ma_class_t, std::allocator<ma_class_t> >::forward_list(std::forward_list<ma_class_t, std::allocator<ma_class_t> > const&)
                0x000000000002ed78                std::forward_list<ma_class_t, std::allocator<ma_class_t> >::forward_list(std::forward_list<ma_class_t, std::allocator<ma_class_t> > const&)
 .text._ZNSt12forward_listI10ma_class_tSaIS0_EED2Ev
                0x000000000002ee46       0x26 libmain.a(main.cpp.o)
                0x000000000002ee46                std::forward_list<ma_class_t, std::allocator<ma_class_t> >::~forward_list()
                0x000000000002ee46                std::forward_list<ma_class_t, std::allocator<ma_class_t> >::~forward_list()
 .text._ZNSt12forward_listI10ma_class_tSaIS0_EE5beginEv
                0x000000000002ee6c       0x32 libmain.a(main.cpp.o)
                0x000000000002ee6c                std::forward_list<ma_class_t, std::allocator<ma_class_t> >::begin()
 .text._ZNSt12forward_listI10ma_class_tSaIS0_EE3endEv
                0x000000000002ee9e       0x2c libmain.a(main.cpp.o)
                0x000000000002ee9e                std::forward_list<ma_class_t, std::allocator<ma_class_t> >::end()
 .text._ZStneRKSt18_Fwd_list_iteratorI10ma_class_tES3_
                0x000000000002eeca       0x2e libmain.a(main.cpp.o)
                0x000000000002eeca                std::operator!=(std::_Fwd_list_iterator<ma_class_t> const&, std::_Fwd_list_iterator<ma_class_t> const&)
 .text._ZNSt18_Fwd_list_iteratorI10ma_class_tEppEv
                0x000000000002eef8       0x24 libmain.a(main.cpp.o)
                0x000000000002eef8                std::_Fwd_list_iterator<ma_class_t>::operator++()
 .text._ZNKSt18_Fwd_list_iteratorI10ma_class_tEdeEv
                0x000000000002ef1c       0x2a libmain.a(main.cpp.o)
                0x000000000002ef1c                std::_Fwd_list_iterator<ma_class_t>::operator*() const
 .text._ZN2cv7Scalar_IdEC2Edddd
                0x000000000002ef46       0x5e libmain.a(main.cpp.o)
                0x000000000002ef46                cv::Scalar_<double>::Scalar_(double, double, double, double)
                0x000000000002ef46                cv::Scalar_<double>::Scalar_(double, double, double, double)
 .text._ZNSt12forward_listI9ma_bbox_tSaIS0_EEC2ERKS2_
                0x000000000002efa4       0xce libmain.a(main.cpp.o)
                0x000000000002efa4                std::forward_list<ma_bbox_t, std::allocator<ma_bbox_t> >::forward_list(std::forward_list<ma_bbox_t, std::allocator<ma_bbox_t> > const&)
                0x000000000002efa4                std::forward_list<ma_bbox_t, std::allocator<ma_bbox_t> >::forward_list(std::forward_list<ma_bbox_t, std::allocator<ma_bbox_t> > const&)
 .text._ZNSt12forward_listI9ma_bbox_tSaIS0_EED2Ev
                0x000000000002f072       0x26 libmain.a(main.cpp.o)
                0x000000000002f072                std::forward_list<ma_bbox_t, std::allocator<ma_bbox_t> >::~forward_list()
                0x000000000002f072                std::forward_list<ma_bbox_t, std::allocator<ma_bbox_t> >::~forward_list()
 .text._ZNSt12forward_listI9ma_bbox_tSaIS0_EE5beginEv
                0x000000000002f098       0x32 libmain.a(main.cpp.o)
                0x000000000002f098                std::forward_list<ma_bbox_t, std::allocator<ma_bbox_t> >::begin()
 .text._ZNSt12forward_listI9ma_bbox_tSaIS0_EE3endEv
                0x000000000002f0ca       0x2c libmain.a(main.cpp.o)
                0x000000000002f0ca                std::forward_list<ma_bbox_t, std::allocator<ma_bbox_t> >::end()
 .text._ZStneRKSt18_Fwd_list_iteratorI9ma_bbox_tES3_
                0x000000000002f0f6       0x2e libmain.a(main.cpp.o)
                0x000000000002f0f6                std::operator!=(std::_Fwd_list_iterator<ma_bbox_t> const&, std::_Fwd_list_iterator<ma_bbox_t> const&)
 .text._ZNSt18_Fwd_list_iteratorI9ma_bbox_tEppEv
                0x000000000002f124       0x24 libmain.a(main.cpp.o)
                0x000000000002f124                std::_Fwd_list_iterator<ma_bbox_t>::operator++()
 .text._ZNKSt18_Fwd_list_iteratorI9ma_bbox_tEdeEv
                0x000000000002f148       0x2a libmain.a(main.cpp.o)
                0x000000000002f148                std::_Fwd_list_iterator<ma_bbox_t>::operator*() const
 .text._ZNSaIiEC2Ev
                0x000000000002f172       0x24 libmain.a(main.cpp.o)
                0x000000000002f172                std::allocator<int>::allocator()
                0x000000000002f172                std::allocator<int>::allocator()
 .text._ZNSt12_Vector_baseIiSaIiEE17_Vector_impl_dataC2Ev
                0x000000000002f196       0x2a libmain.a(main.cpp.o)
                0x000000000002f196                std::_Vector_base<int, std::allocator<int> >::_Vector_impl_data::_Vector_impl_data()
                0x000000000002f196                std::_Vector_base<int, std::allocator<int> >::_Vector_impl_data::_Vector_impl_data()
 .text._ZN9__gnu_cxx13new_allocatorIiED2Ev
                0x000000000002f1c0       0x12 libmain.a(main.cpp.o)
                0x000000000002f1c0                __gnu_cxx::new_allocator<int>::~new_allocator()
                0x000000000002f1c0                __gnu_cxx::new_allocator<int>::~new_allocator()
 .text._ZNSt12_Vector_baseIiSaIiEE13_M_deallocateEPim
                0x000000000002f1d2       0x3c libmain.a(main.cpp.o)
                0x000000000002f1d2                std::_Vector_base<int, std::allocator<int> >::_M_deallocate(int*, unsigned long)
 .text._ZNSt12_Vector_baseIiSaIiEE19_M_get_Tp_allocatorEv
                0x000000000002f20e       0x16 libmain.a(main.cpp.o)
                0x000000000002f20e                std::_Vector_base<int, std::allocator<int> >::_M_get_Tp_allocator()
 .text._ZSt8_DestroyIPiiEvT_S1_RSaIT0_E
                0x000000000002f224       0x30 libmain.a(main.cpp.o)
                0x000000000002f224                void std::_Destroy<int*, int>(int*, int*, std::allocator<int>&)
 .text._ZN2cv3VecIdLi4EEC2Ev
                0x000000000002f254       0x26 libmain.a(main.cpp.o)
                0x000000000002f254                cv::Vec<double, 4>::Vec()
                0x000000000002f254                cv::Vec<double, 4>::Vec()
 .text._ZN9__gnu_cxx14__alloc_traitsISaISt14_Fwd_list_nodeI10ma_class_tEES3_E17_S_select_on_copyERKS4_
                0x000000000002f27a       0x30 libmain.a(main.cpp.o)
                0x000000000002f27a                __gnu_cxx::__alloc_traits<std::allocator<std::_Fwd_list_node<ma_class_t> >, std::_Fwd_list_node<ma_class_t> >::_S_select_on_copy(std::allocator<std::_Fwd_list_node<ma_class_t> > const&)
 .text._ZNKSt14_Fwd_list_baseI10ma_class_tSaIS0_EE21_M_get_Node_allocatorEv
                0x000000000002f2aa       0x16 libmain.a(main.cpp.o)
                0x000000000002f2aa                std::_Fwd_list_base<ma_class_t, std::allocator<ma_class_t> >::_M_get_Node_allocator() const
 .text._ZNSaISt14_Fwd_list_nodeI10ma_class_tEED2Ev
                0x000000000002f2c0       0x24 libmain.a(main.cpp.o)
                0x000000000002f2c0                std::allocator<std::_Fwd_list_node<ma_class_t> >::~allocator()
                0x000000000002f2c0                std::allocator<std::_Fwd_list_node<ma_class_t> >::~allocator()
 .text._ZNSt14_Fwd_list_baseI10ma_class_tSaIS0_EE14_Fwd_list_implD2Ev
                0x000000000002f2e4       0x24 libmain.a(main.cpp.o)
                0x000000000002f2e4                std::_Fwd_list_base<ma_class_t, std::allocator<ma_class_t> >::_Fwd_list_impl::~_Fwd_list_impl()
                0x000000000002f2e4                std::_Fwd_list_base<ma_class_t, std::allocator<ma_class_t> >::_Fwd_list_impl::~_Fwd_list_impl()
 .text._ZNSt14_Fwd_list_baseI10ma_class_tSaIS0_EEC2EOSaISt14_Fwd_list_nodeIS0_EE
                0x000000000002f308       0x40 libmain.a(main.cpp.o)
                0x000000000002f308                std::_Fwd_list_base<ma_class_t, std::allocator<ma_class_t> >::_Fwd_list_base(std::allocator<std::_Fwd_list_node<ma_class_t> >&&)
                0x000000000002f308                std::_Fwd_list_base<ma_class_t, std::allocator<ma_class_t> >::_Fwd_list_base(std::allocator<std::_Fwd_list_node<ma_class_t> >&&)
 .text._ZNSt14_Fwd_list_baseI10ma_class_tSaIS0_EED2Ev
                0x000000000002f348       0x3c libmain.a(main.cpp.o)
                0x000000000002f348                std::_Fwd_list_base<ma_class_t, std::allocator<ma_class_t> >::~_Fwd_list_base()
                0x000000000002f348                std::_Fwd_list_base<ma_class_t, std::allocator<ma_class_t> >::~_Fwd_list_base()
 .text._ZNKSt12forward_listI10ma_class_tSaIS0_EE5beginEv
                0x000000000002f384       0x32 libmain.a(main.cpp.o)
                0x000000000002f384                std::forward_list<ma_class_t, std::allocator<ma_class_t> >::begin() const
 .text._ZNKSt12forward_listI10ma_class_tSaIS0_EE3endEv
                0x000000000002f3b6       0x2c libmain.a(main.cpp.o)
                0x000000000002f3b6                std::forward_list<ma_class_t, std::allocator<ma_class_t> >::end() const
 .text._ZNSt12forward_listI10ma_class_tSaIS0_EE19_M_range_initializeISt24_Fwd_list_const_iteratorIS0_EEEvT_S6_
                0x000000000002f3e2       0x8c libmain.a(main.cpp.o)
                0x000000000002f3e2                void std::forward_list<ma_class_t, std::allocator<ma_class_t> >::_M_range_initialize<std::_Fwd_list_const_iterator<ma_class_t> >(std::_Fwd_list_const_iterator<ma_class_t>, std::_Fwd_list_const_iterator<ma_class_t>)
 .text._ZNSt18_Fwd_list_iteratorI10ma_class_tEC2EPSt19_Fwd_list_node_base
                0x000000000002f46e       0x20 libmain.a(main.cpp.o)
                0x000000000002f46e                std::_Fwd_list_iterator<ma_class_t>::_Fwd_list_iterator(std::_Fwd_list_node_base*)
                0x000000000002f46e                std::_Fwd_list_iterator<ma_class_t>::_Fwd_list_iterator(std::_Fwd_list_node_base*)
 .text._ZNSt14_Fwd_list_nodeI10ma_class_tE9_M_valptrEv
                0x000000000002f48e       0x2a libmain.a(main.cpp.o)
                0x000000000002f48e                std::_Fwd_list_node<ma_class_t>::_M_valptr()
 .text._ZN9__gnu_cxx14__alloc_traitsISaISt14_Fwd_list_nodeI9ma_bbox_tEES3_E17_S_select_on_copyERKS4_
                0x000000000002f4b8       0x30 libmain.a(main.cpp.o)
                0x000000000002f4b8                __gnu_cxx::__alloc_traits<std::allocator<std::_Fwd_list_node<ma_bbox_t> >, std::_Fwd_list_node<ma_bbox_t> >::_S_select_on_copy(std::allocator<std::_Fwd_list_node<ma_bbox_t> > const&)
 .text._ZNKSt14_Fwd_list_baseI9ma_bbox_tSaIS0_EE21_M_get_Node_allocatorEv
                0x000000000002f4e8       0x16 libmain.a(main.cpp.o)
                0x000000000002f4e8                std::_Fwd_list_base<ma_bbox_t, std::allocator<ma_bbox_t> >::_M_get_Node_allocator() const
 .text._ZNSaISt14_Fwd_list_nodeI9ma_bbox_tEED2Ev
                0x000000000002f4fe       0x24 libmain.a(main.cpp.o)
                0x000000000002f4fe                std::allocator<std::_Fwd_list_node<ma_bbox_t> >::~allocator()
                0x000000000002f4fe                std::allocator<std::_Fwd_list_node<ma_bbox_t> >::~allocator()
 .text._ZNSt14_Fwd_list_baseI9ma_bbox_tSaIS0_EE14_Fwd_list_implD2Ev
                0x000000000002f522       0x24 libmain.a(main.cpp.o)
                0x000000000002f522                std::_Fwd_list_base<ma_bbox_t, std::allocator<ma_bbox_t> >::_Fwd_list_impl::~_Fwd_list_impl()
                0x000000000002f522                std::_Fwd_list_base<ma_bbox_t, std::allocator<ma_bbox_t> >::_Fwd_list_impl::~_Fwd_list_impl()
 .text._ZNSt14_Fwd_list_baseI9ma_bbox_tSaIS0_EEC2EOSaISt14_Fwd_list_nodeIS0_EE
                0x000000000002f546       0x40 libmain.a(main.cpp.o)
                0x000000000002f546                std::_Fwd_list_base<ma_bbox_t, std::allocator<ma_bbox_t> >::_Fwd_list_base(std::allocator<std::_Fwd_list_node<ma_bbox_t> >&&)
                0x000000000002f546                std::_Fwd_list_base<ma_bbox_t, std::allocator<ma_bbox_t> >::_Fwd_list_base(std::allocator<std::_Fwd_list_node<ma_bbox_t> >&&)
 .text._ZNSt14_Fwd_list_baseI9ma_bbox_tSaIS0_EED2Ev
                0x000000000002f586       0x3c libmain.a(main.cpp.o)
                0x000000000002f586                std::_Fwd_list_base<ma_bbox_t, std::allocator<ma_bbox_t> >::~_Fwd_list_base()
                0x000000000002f586                std::_Fwd_list_base<ma_bbox_t, std::allocator<ma_bbox_t> >::~_Fwd_list_base()
 .text._ZNKSt12forward_listI9ma_bbox_tSaIS0_EE5beginEv
                0x000000000002f5c2       0x32 libmain.a(main.cpp.o)
                0x000000000002f5c2                std::forward_list<ma_bbox_t, std::allocator<ma_bbox_t> >::begin() const
 .text._ZNKSt12forward_listI9ma_bbox_tSaIS0_EE3endEv
                0x000000000002f5f4       0x2c libmain.a(main.cpp.o)
                0x000000000002f5f4                std::forward_list<ma_bbox_t, std::allocator<ma_bbox_t> >::end() const
 .text._ZNSt12forward_listI9ma_bbox_tSaIS0_EE19_M_range_initializeISt24_Fwd_list_const_iteratorIS0_EEEvT_S6_
                0x000000000002f620       0x8c libmain.a(main.cpp.o)
                0x000000000002f620                void std::forward_list<ma_bbox_t, std::allocator<ma_bbox_t> >::_M_range_initialize<std::_Fwd_list_const_iterator<ma_bbox_t> >(std::_Fwd_list_const_iterator<ma_bbox_t>, std::_Fwd_list_const_iterator<ma_bbox_t>)
 .text._ZNSt18_Fwd_list_iteratorI9ma_bbox_tEC2EPSt19_Fwd_list_node_base
                0x000000000002f6ac       0x20 libmain.a(main.cpp.o)
                0x000000000002f6ac                std::_Fwd_list_iterator<ma_bbox_t>::_Fwd_list_iterator(std::_Fwd_list_node_base*)
                0x000000000002f6ac                std::_Fwd_list_iterator<ma_bbox_t>::_Fwd_list_iterator(std::_Fwd_list_node_base*)
 .text._ZNSt14_Fwd_list_nodeI9ma_bbox_tE9_M_valptrEv
                0x000000000002f6cc       0x2a libmain.a(main.cpp.o)
                0x000000000002f6cc                std::_Fwd_list_node<ma_bbox_t>::_M_valptr()
 .text._ZN9__gnu_cxx13new_allocatorIiEC2Ev
                0x000000000002f6f6       0x12 libmain.a(main.cpp.o)
                0x000000000002f6f6                __gnu_cxx::new_allocator<int>::new_allocator()
                0x000000000002f6f6                __gnu_cxx::new_allocator<int>::new_allocator()
 .text._ZNSt16allocator_traitsISaIiEE10deallocateERS0_Pim
                0x000000000002f708       0x34 libmain.a(main.cpp.o)
                0x000000000002f708                std::allocator_traits<std::allocator<int> >::deallocate(std::allocator<int>&, int*, unsigned long)
 .text._ZSt8_DestroyIPiEvT_S1_
                0x000000000002f73c       0x2c libmain.a(main.cpp.o)
                0x000000000002f73c                void std::_Destroy<int*>(int*, int*)
 .text._ZN2cv4MatxIdLi4ELi1EEC2Ev
                0x000000000002f768       0x3c libmain.a(main.cpp.o)
                0x000000000002f768                cv::Matx<double, 4, 1>::Matx()
                0x000000000002f768                cv::Matx<double, 4, 1>::Matx()
 .text._ZNSt16allocator_traitsISaISt14_Fwd_list_nodeI10ma_class_tEEE37select_on_container_copy_constructionERKS3_
                0x000000000002f7a4       0x2e libmain.a(main.cpp.o)
                0x000000000002f7a4                std::allocator_traits<std::allocator<std::_Fwd_list_node<ma_class_t> > >::select_on_container_copy_construction(std::allocator<std::_Fwd_list_node<ma_class_t> > const&)
 .text._ZN9__gnu_cxx13new_allocatorISt14_Fwd_list_nodeI10ma_class_tEED2Ev
                0x000000000002f7d2       0x12 libmain.a(main.cpp.o)
                0x000000000002f7d2                __gnu_cxx::new_allocator<std::_Fwd_list_node<ma_class_t> >::~new_allocator()
                0x000000000002f7d2                __gnu_cxx::new_allocator<std::_Fwd_list_node<ma_class_t> >::~new_allocator()
 .text._ZSt4moveIRSaISt14_Fwd_list_nodeI10ma_class_tEEEONSt16remove_referenceIT_E4typeEOS6_
                0x000000000002f7e4       0x16 libmain.a(main.cpp.o)
                0x000000000002f7e4                std::remove_reference<std::allocator<std::_Fwd_list_node<ma_class_t> >&>::type&& std::move<std::allocator<std::_Fwd_list_node<ma_class_t> >&>(std::allocator<std::_Fwd_list_node<ma_class_t> >&)
 .text._ZNSt19_Fwd_list_node_baseC2Ev
                0x000000000002f7fa       0x1a libmain.a(main.cpp.o)
                0x000000000002f7fa                std::_Fwd_list_node_base::_Fwd_list_node_base()
                0x000000000002f7fa                std::_Fwd_list_node_base::_Fwd_list_node_base()
 .text._ZNSt14_Fwd_list_baseI10ma_class_tSaIS0_EE14_Fwd_list_implC2EOSaISt14_Fwd_list_nodeIS0_EE
                0x000000000002f814       0x52 libmain.a(main.cpp.o)
                0x000000000002f814                std::_Fwd_list_base<ma_class_t, std::allocator<ma_class_t> >::_Fwd_list_impl::_Fwd_list_impl(std::allocator<std::_Fwd_list_node<ma_class_t> >&&)
                0x000000000002f814                std::_Fwd_list_base<ma_class_t, std::allocator<ma_class_t> >::_Fwd_list_impl::_Fwd_list_impl(std::allocator<std::_Fwd_list_node<ma_class_t> >&&)
 .text._ZNSt14_Fwd_list_baseI10ma_class_tSaIS0_EE14_M_erase_afterEPSt19_Fwd_list_node_baseS4_
                0x000000000002f866       0x9a libmain.a(main.cpp.o)
                0x000000000002f866                std::_Fwd_list_base<ma_class_t, std::allocator<ma_class_t> >::_M_erase_after(std::_Fwd_list_node_base*, std::_Fwd_list_node_base*)
 .text._ZNSt24_Fwd_list_const_iteratorI10ma_class_tEC2EPKSt19_Fwd_list_node_base
                0x000000000002f900       0x20 libmain.a(main.cpp.o)
                0x000000000002f900                std::_Fwd_list_const_iterator<ma_class_t>::_Fwd_list_const_iterator(std::_Fwd_list_node_base const*)
                0x000000000002f900                std::_Fwd_list_const_iterator<ma_class_t>::_Fwd_list_const_iterator(std::_Fwd_list_node_base const*)
 .text._ZStneRKSt24_Fwd_list_const_iteratorI10ma_class_tES3_
                0x000000000002f920       0x2e libmain.a(main.cpp.o)
                0x000000000002f920                std::operator!=(std::_Fwd_list_const_iterator<ma_class_t> const&, std::_Fwd_list_const_iterator<ma_class_t> const&)
 .text._ZNSt24_Fwd_list_const_iteratorI10ma_class_tEppEv
                0x000000000002f94e       0x24 libmain.a(main.cpp.o)
                0x000000000002f94e                std::_Fwd_list_const_iterator<ma_class_t>::operator++()
 .text._ZNKSt24_Fwd_list_const_iteratorI10ma_class_tEdeEv
                0x000000000002f972       0x2a libmain.a(main.cpp.o)
                0x000000000002f972                std::_Fwd_list_const_iterator<ma_class_t>::operator*() const
 .text._ZNSt14_Fwd_list_nodeI10ma_class_tEC2Ev
                0x000000000002f99c       0x26 libmain.a(main.cpp.o)
                0x000000000002f99c                std::_Fwd_list_node<ma_class_t>::_Fwd_list_node()
                0x000000000002f99c                std::_Fwd_list_node<ma_class_t>::_Fwd_list_node()
 .text._ZNSt14_Fwd_list_baseI10ma_class_tSaIS0_EE14_M_create_nodeIJRKS0_EEEPSt14_Fwd_list_nodeIS0_EDpOT_
                0x000000000002f9c2       0x9a libmain.a(main.cpp.o)
                0x000000000002f9c2                std::_Fwd_list_node<ma_class_t>* std::_Fwd_list_base<ma_class_t, std::allocator<ma_class_t> >::_M_create_node<ma_class_t const&>(ma_class_t const&)
 .text._ZN9__gnu_cxx16__aligned_bufferI10ma_class_tE6_M_ptrEv
                0x000000000002fa5c       0x26 libmain.a(main.cpp.o)
                0x000000000002fa5c                __gnu_cxx::__aligned_buffer<ma_class_t>::_M_ptr()
 .text._ZNSt16allocator_traitsISaISt14_Fwd_list_nodeI9ma_bbox_tEEE37select_on_container_copy_constructionERKS3_
                0x000000000002fa82       0x2e libmain.a(main.cpp.o)
                0x000000000002fa82                std::allocator_traits<std::allocator<std::_Fwd_list_node<ma_bbox_t> > >::select_on_container_copy_construction(std::allocator<std::_Fwd_list_node<ma_bbox_t> > const&)
 .text._ZN9__gnu_cxx13new_allocatorISt14_Fwd_list_nodeI9ma_bbox_tEED2Ev
                0x000000000002fab0       0x12 libmain.a(main.cpp.o)
                0x000000000002fab0                __gnu_cxx::new_allocator<std::_Fwd_list_node<ma_bbox_t> >::~new_allocator()
                0x000000000002fab0                __gnu_cxx::new_allocator<std::_Fwd_list_node<ma_bbox_t> >::~new_allocator()
 .text._ZSt4moveIRSaISt14_Fwd_list_nodeI9ma_bbox_tEEEONSt16remove_referenceIT_E4typeEOS6_
                0x000000000002fac2       0x16 libmain.a(main.cpp.o)
                0x000000000002fac2                std::remove_reference<std::allocator<std::_Fwd_list_node<ma_bbox_t> >&>::type&& std::move<std::allocator<std::_Fwd_list_node<ma_bbox_t> >&>(std::allocator<std::_Fwd_list_node<ma_bbox_t> >&)
 .text._ZNSt14_Fwd_list_baseI9ma_bbox_tSaIS0_EE14_Fwd_list_implC2EOSaISt14_Fwd_list_nodeIS0_EE
                0x000000000002fad8       0x52 libmain.a(main.cpp.o)
                0x000000000002fad8                std::_Fwd_list_base<ma_bbox_t, std::allocator<ma_bbox_t> >::_Fwd_list_impl::_Fwd_list_impl(std::allocator<std::_Fwd_list_node<ma_bbox_t> >&&)
                0x000000000002fad8                std::_Fwd_list_base<ma_bbox_t, std::allocator<ma_bbox_t> >::_Fwd_list_impl::_Fwd_list_impl(std::allocator<std::_Fwd_list_node<ma_bbox_t> >&&)
 .text._ZNSt14_Fwd_list_baseI9ma_bbox_tSaIS0_EE14_M_erase_afterEPSt19_Fwd_list_node_baseS4_
                0x000000000002fb2a       0x9a libmain.a(main.cpp.o)
                0x000000000002fb2a                std::_Fwd_list_base<ma_bbox_t, std::allocator<ma_bbox_t> >::_M_erase_after(std::_Fwd_list_node_base*, std::_Fwd_list_node_base*)
 .text._ZNSt24_Fwd_list_const_iteratorI9ma_bbox_tEC2EPKSt19_Fwd_list_node_base
                0x000000000002fbc4       0x20 libmain.a(main.cpp.o)
                0x000000000002fbc4                std::_Fwd_list_const_iterator<ma_bbox_t>::_Fwd_list_const_iterator(std::_Fwd_list_node_base const*)
                0x000000000002fbc4                std::_Fwd_list_const_iterator<ma_bbox_t>::_Fwd_list_const_iterator(std::_Fwd_list_node_base const*)
 .text._ZStneRKSt24_Fwd_list_const_iteratorI9ma_bbox_tES3_
                0x000000000002fbe4       0x2e libmain.a(main.cpp.o)
                0x000000000002fbe4                std::operator!=(std::_Fwd_list_const_iterator<ma_bbox_t> const&, std::_Fwd_list_const_iterator<ma_bbox_t> const&)
 .text._ZNSt24_Fwd_list_const_iteratorI9ma_bbox_tEppEv
                0x000000000002fc12       0x24 libmain.a(main.cpp.o)
                0x000000000002fc12                std::_Fwd_list_const_iterator<ma_bbox_t>::operator++()
 .text._ZNKSt24_Fwd_list_const_iteratorI9ma_bbox_tEdeEv
                0x000000000002fc36       0x2a libmain.a(main.cpp.o)
                0x000000000002fc36                std::_Fwd_list_const_iterator<ma_bbox_t>::operator*() const
 .text._ZNSt14_Fwd_list_nodeI9ma_bbox_tEC2Ev
                0x000000000002fc60       0x26 libmain.a(main.cpp.o)
                0x000000000002fc60                std::_Fwd_list_node<ma_bbox_t>::_Fwd_list_node()
                0x000000000002fc60                std::_Fwd_list_node<ma_bbox_t>::_Fwd_list_node()
 .text._ZNSt14_Fwd_list_baseI9ma_bbox_tSaIS0_EE14_M_create_nodeIJRKS0_EEEPSt14_Fwd_list_nodeIS0_EDpOT_
                0x000000000002fc86       0x9c libmain.a(main.cpp.o)
                0x000000000002fc86                std::_Fwd_list_node<ma_bbox_t>* std::_Fwd_list_base<ma_bbox_t, std::allocator<ma_bbox_t> >::_M_create_node<ma_bbox_t const&>(ma_bbox_t const&)
 .text._ZN9__gnu_cxx16__aligned_bufferI9ma_bbox_tE6_M_ptrEv
                0x000000000002fd22       0x26 libmain.a(main.cpp.o)
                0x000000000002fd22                __gnu_cxx::__aligned_buffer<ma_bbox_t>::_M_ptr()
 .text._ZN9__gnu_cxx13new_allocatorIiE10deallocateEPim
                0x000000000002fd48       0x2c libmain.a(main.cpp.o)
                0x000000000002fd48                __gnu_cxx::new_allocator<int>::deallocate(int*, unsigned long)
 .text._ZNSt12_Destroy_auxILb1EE9__destroyIPiEEvT_S3_
                0x000000000002fd74       0x16 libmain.a(main.cpp.o)
                0x000000000002fd74                void std::_Destroy_aux<true>::__destroy<int*>(int*, int*)
 .text._ZNSaISt14_Fwd_list_nodeI10ma_class_tEEC2ERKS2_
                0x000000000002fd8a       0x2c libmain.a(main.cpp.o)
                0x000000000002fd8a                std::allocator<std::_Fwd_list_node<ma_class_t> >::allocator(std::allocator<std::_Fwd_list_node<ma_class_t> > const&)
                0x000000000002fd8a                std::allocator<std::_Fwd_list_node<ma_class_t> >::allocator(std::allocator<std::_Fwd_list_node<ma_class_t> > const&)
 .text._ZNSt14_Fwd_list_baseI10ma_class_tSaIS0_EE21_M_get_Node_allocatorEv
                0x000000000002fdb6       0x16 libmain.a(main.cpp.o)
                0x000000000002fdb6                std::_Fwd_list_base<ma_class_t, std::allocator<ma_class_t> >::_M_get_Node_allocator()
 .text._ZNSt16allocator_traitsISaISt14_Fwd_list_nodeI10ma_class_tEEE7destroyIS1_EEvRS3_PT_
                0x000000000002fdcc       0x2c libmain.a(main.cpp.o)
                0x000000000002fdcc                void std::allocator_traits<std::allocator<std::_Fwd_list_node<ma_class_t> > >::destroy<ma_class_t>(std::allocator<std::_Fwd_list_node<ma_class_t> >&, ma_class_t*)
 .text._ZNSt14_Fwd_list_baseI10ma_class_tSaIS0_EE11_M_put_nodeEPSt14_Fwd_list_nodeIS0_E
                0x000000000002fdf8       0x4e libmain.a(main.cpp.o)
                0x000000000002fdf8                std::_Fwd_list_base<ma_class_t, std::allocator<ma_class_t> >::_M_put_node(std::_Fwd_list_node<ma_class_t>*)
 .text._ZNKSt14_Fwd_list_nodeI10ma_class_tE9_M_valptrEv
                0x000000000002fe46       0x2a libmain.a(main.cpp.o)
                0x000000000002fe46                std::_Fwd_list_node<ma_class_t>::_M_valptr() const
 .text._ZNSt14_Fwd_list_baseI10ma_class_tSaIS0_EE11_M_get_nodeEv
                0x000000000002fe70       0x4a libmain.a(main.cpp.o)
                0x000000000002fe70                std::_Fwd_list_base<ma_class_t, std::allocator<ma_class_t> >::_M_get_node()
 .text._ZSt7forwardIRK10ma_class_tEOT_RNSt16remove_referenceIS3_E4typeE
                0x000000000002feba       0x16 libmain.a(main.cpp.o)
                0x000000000002feba                ma_class_t const& std::forward<ma_class_t const&>(std::remove_reference<ma_class_t const&>::type&)
 .text._ZNSt16allocator_traitsISaISt14_Fwd_list_nodeI10ma_class_tEEE9constructIS1_JRKS1_EEEvRS3_PT_DpOT0_
                0x000000000002fed0       0x42 libmain.a(main.cpp.o)
                0x000000000002fed0                void std::allocator_traits<std::allocator<std::_Fwd_list_node<ma_class_t> > >::construct<ma_class_t, ma_class_t const&>(std::allocator<std::_Fwd_list_node<ma_class_t> >&, ma_class_t*, ma_class_t const&)
 .text._ZN9__gnu_cxx16__aligned_bufferI10ma_class_tE7_M_addrEv
                0x000000000002ff12       0x16 libmain.a(main.cpp.o)
                0x000000000002ff12                __gnu_cxx::__aligned_buffer<ma_class_t>::_M_addr()
 .text._ZNSaISt14_Fwd_list_nodeI9ma_bbox_tEEC2ERKS2_
                0x000000000002ff28       0x2c libmain.a(main.cpp.o)
                0x000000000002ff28                std::allocator<std::_Fwd_list_node<ma_bbox_t> >::allocator(std::allocator<std::_Fwd_list_node<ma_bbox_t> > const&)
                0x000000000002ff28                std::allocator<std::_Fwd_list_node<ma_bbox_t> >::allocator(std::allocator<std::_Fwd_list_node<ma_bbox_t> > const&)
 .text._ZNSt14_Fwd_list_baseI9ma_bbox_tSaIS0_EE21_M_get_Node_allocatorEv
                0x000000000002ff54       0x16 libmain.a(main.cpp.o)
                0x000000000002ff54                std::_Fwd_list_base<ma_bbox_t, std::allocator<ma_bbox_t> >::_M_get_Node_allocator()
 .text._ZNSt16allocator_traitsISaISt14_Fwd_list_nodeI9ma_bbox_tEEE7destroyIS1_EEvRS3_PT_
                0x000000000002ff6a       0x2c libmain.a(main.cpp.o)
                0x000000000002ff6a                void std::allocator_traits<std::allocator<std::_Fwd_list_node<ma_bbox_t> > >::destroy<ma_bbox_t>(std::allocator<std::_Fwd_list_node<ma_bbox_t> >&, ma_bbox_t*)
 .text._ZNSt14_Fwd_list_baseI9ma_bbox_tSaIS0_EE11_M_put_nodeEPSt14_Fwd_list_nodeIS0_E
                0x000000000002ff96       0x4e libmain.a(main.cpp.o)
                0x000000000002ff96                std::_Fwd_list_base<ma_bbox_t, std::allocator<ma_bbox_t> >::_M_put_node(std::_Fwd_list_node<ma_bbox_t>*)
 .text._ZNKSt14_Fwd_list_nodeI9ma_bbox_tE9_M_valptrEv
                0x000000000002ffe4       0x2a libmain.a(main.cpp.o)
                0x000000000002ffe4                std::_Fwd_list_node<ma_bbox_t>::_M_valptr() const
 .text._ZNSt14_Fwd_list_baseI9ma_bbox_tSaIS0_EE11_M_get_nodeEv
                0x000000000003000e       0x4a libmain.a(main.cpp.o)
                0x000000000003000e                std::_Fwd_list_base<ma_bbox_t, std::allocator<ma_bbox_t> >::_M_get_node()
 .text._ZSt7forwardIRK9ma_bbox_tEOT_RNSt16remove_referenceIS3_E4typeE
                0x0000000000030058       0x16 libmain.a(main.cpp.o)
                0x0000000000030058                ma_bbox_t const& std::forward<ma_bbox_t const&>(std::remove_reference<ma_bbox_t const&>::type&)
 .text._ZNSt16allocator_traitsISaISt14_Fwd_list_nodeI9ma_bbox_tEEE9constructIS1_JRKS1_EEEvRS3_PT_DpOT0_
                0x000000000003006e       0x42 libmain.a(main.cpp.o)
                0x000000000003006e                void std::allocator_traits<std::allocator<std::_Fwd_list_node<ma_bbox_t> > >::construct<ma_bbox_t, ma_bbox_t const&>(std::allocator<std::_Fwd_list_node<ma_bbox_t> >&, ma_bbox_t*, ma_bbox_t const&)
 .text._ZN9__gnu_cxx16__aligned_bufferI9ma_bbox_tE7_M_addrEv
                0x00000000000300b0       0x16 libmain.a(main.cpp.o)
                0x00000000000300b0                __gnu_cxx::__aligned_buffer<ma_bbox_t>::_M_addr()
 .text._ZN9__gnu_cxx13new_allocatorISt14_Fwd_list_nodeI10ma_class_tEEC2ERKS4_
                0x00000000000300c6       0x16 libmain.a(main.cpp.o)
                0x00000000000300c6                __gnu_cxx::new_allocator<std::_Fwd_list_node<ma_class_t> >::new_allocator(__gnu_cxx::new_allocator<std::_Fwd_list_node<ma_class_t> > const&)
                0x00000000000300c6                __gnu_cxx::new_allocator<std::_Fwd_list_node<ma_class_t> >::new_allocator(__gnu_cxx::new_allocator<std::_Fwd_list_node<ma_class_t> > const&)
 .text._ZN9__gnu_cxx13new_allocatorISt14_Fwd_list_nodeI10ma_class_tEE7destroyIS2_EEvPT_
                0x00000000000300dc       0x16 libmain.a(main.cpp.o)
                0x00000000000300dc                void __gnu_cxx::new_allocator<std::_Fwd_list_node<ma_class_t> >::destroy<ma_class_t>(ma_class_t*)
 .text._ZNSt14pointer_traitsIPSt14_Fwd_list_nodeI10ma_class_tEE10pointer_toERS2_
                0x00000000000300f2       0x26 libmain.a(main.cpp.o)
                0x00000000000300f2                std::pointer_traits<std::_Fwd_list_node<ma_class_t>*>::pointer_to(std::_Fwd_list_node<ma_class_t>&)
 .text._ZNSt16allocator_traitsISaISt14_Fwd_list_nodeI10ma_class_tEEE10deallocateERS3_PS2_m
                0x0000000000030118       0x34 libmain.a(main.cpp.o)
                0x0000000000030118                std::allocator_traits<std::allocator<std::_Fwd_list_node<ma_class_t> > >::deallocate(std::allocator<std::_Fwd_list_node<ma_class_t> >&, std::_Fwd_list_node<ma_class_t>*, unsigned long)
 .text._ZNK9__gnu_cxx16__aligned_bufferI10ma_class_tE6_M_ptrEv
                0x000000000003014c       0x26 libmain.a(main.cpp.o)
                0x000000000003014c                __gnu_cxx::__aligned_buffer<ma_class_t>::_M_ptr() const
 .text._ZNSt16allocator_traitsISaISt14_Fwd_list_nodeI10ma_class_tEEE8allocateERS3_m
                0x0000000000030172       0x30 libmain.a(main.cpp.o)
                0x0000000000030172                std::allocator_traits<std::allocator<std::_Fwd_list_node<ma_class_t> > >::allocate(std::allocator<std::_Fwd_list_node<ma_class_t> >&, unsigned long)
 .text._ZSt12__to_addressISt14_Fwd_list_nodeI10ma_class_tEEPT_S4_
                0x00000000000301a2       0x16 libmain.a(main.cpp.o)
                0x00000000000301a2                std::_Fwd_list_node<ma_class_t>* std::__to_address<std::_Fwd_list_node<ma_class_t> >(std::_Fwd_list_node<ma_class_t>*)
 .text._ZN9__gnu_cxx13new_allocatorISt14_Fwd_list_nodeI10ma_class_tEE9constructIS2_JRKS2_EEEvPT_DpOT0_
                0x00000000000301b8       0x4a libmain.a(main.cpp.o)
                0x00000000000301b8                void __gnu_cxx::new_allocator<std::_Fwd_list_node<ma_class_t> >::construct<ma_class_t, ma_class_t const&>(ma_class_t*, ma_class_t const&)
 .text._ZN9__gnu_cxx13new_allocatorISt14_Fwd_list_nodeI9ma_bbox_tEEC2ERKS4_
                0x0000000000030202       0x16 libmain.a(main.cpp.o)
                0x0000000000030202                __gnu_cxx::new_allocator<std::_Fwd_list_node<ma_bbox_t> >::new_allocator(__gnu_cxx::new_allocator<std::_Fwd_list_node<ma_bbox_t> > const&)
                0x0000000000030202                __gnu_cxx::new_allocator<std::_Fwd_list_node<ma_bbox_t> >::new_allocator(__gnu_cxx::new_allocator<std::_Fwd_list_node<ma_bbox_t> > const&)
 .text._ZN9__gnu_cxx13new_allocatorISt14_Fwd_list_nodeI9ma_bbox_tEE7destroyIS2_EEvPT_
                0x0000000000030218       0x16 libmain.a(main.cpp.o)
                0x0000000000030218                void __gnu_cxx::new_allocator<std::_Fwd_list_node<ma_bbox_t> >::destroy<ma_bbox_t>(ma_bbox_t*)
 .text._ZNSt14pointer_traitsIPSt14_Fwd_list_nodeI9ma_bbox_tEE10pointer_toERS2_
                0x000000000003022e       0x26 libmain.a(main.cpp.o)
                0x000000000003022e                std::pointer_traits<std::_Fwd_list_node<ma_bbox_t>*>::pointer_to(std::_Fwd_list_node<ma_bbox_t>&)
 .text._ZNSt16allocator_traitsISaISt14_Fwd_list_nodeI9ma_bbox_tEEE10deallocateERS3_PS2_m
                0x0000000000030254       0x34 libmain.a(main.cpp.o)
                0x0000000000030254                std::allocator_traits<std::allocator<std::_Fwd_list_node<ma_bbox_t> > >::deallocate(std::allocator<std::_Fwd_list_node<ma_bbox_t> >&, std::_Fwd_list_node<ma_bbox_t>*, unsigned long)
 .text._ZNK9__gnu_cxx16__aligned_bufferI9ma_bbox_tE6_M_ptrEv
                0x0000000000030288       0x26 libmain.a(main.cpp.o)
                0x0000000000030288                __gnu_cxx::__aligned_buffer<ma_bbox_t>::_M_ptr() const
 .text._ZNSt16allocator_traitsISaISt14_Fwd_list_nodeI9ma_bbox_tEEE8allocateERS3_m
                0x00000000000302ae       0x30 libmain.a(main.cpp.o)
                0x00000000000302ae                std::allocator_traits<std::allocator<std::_Fwd_list_node<ma_bbox_t> > >::allocate(std::allocator<std::_Fwd_list_node<ma_bbox_t> >&, unsigned long)
 .text._ZSt12__to_addressISt14_Fwd_list_nodeI9ma_bbox_tEEPT_S4_
                0x00000000000302de       0x16 libmain.a(main.cpp.o)
                0x00000000000302de                std::_Fwd_list_node<ma_bbox_t>* std::__to_address<std::_Fwd_list_node<ma_bbox_t> >(std::_Fwd_list_node<ma_bbox_t>*)
 .text._ZN9__gnu_cxx13new_allocatorISt14_Fwd_list_nodeI9ma_bbox_tEE9constructIS2_JRKS2_EEEvPT_DpOT0_
                0x00000000000302f4       0x52 libmain.a(main.cpp.o)
                0x00000000000302f4                void __gnu_cxx::new_allocator<std::_Fwd_list_node<ma_bbox_t> >::construct<ma_bbox_t, ma_bbox_t const&>(ma_bbox_t*, ma_bbox_t const&)
 .text._ZSt9addressofISt14_Fwd_list_nodeI10ma_class_tEEPT_RS3_
                0x0000000000030346       0x26 libmain.a(main.cpp.o)
                0x0000000000030346                std::_Fwd_list_node<ma_class_t>* std::addressof<std::_Fwd_list_node<ma_class_t> >(std::_Fwd_list_node<ma_class_t>&)
 .text._ZN9__gnu_cxx13new_allocatorISt14_Fwd_list_nodeI10ma_class_tEE10deallocateEPS3_m
                0x000000000003036c       0x2c libmain.a(main.cpp.o)
                0x000000000003036c                __gnu_cxx::new_allocator<std::_Fwd_list_node<ma_class_t> >::deallocate(std::_Fwd_list_node<ma_class_t>*, unsigned long)
 .text._ZNK9__gnu_cxx16__aligned_bufferI10ma_class_tE7_M_addrEv
                0x0000000000030398       0x16 libmain.a(main.cpp.o)
                0x0000000000030398                __gnu_cxx::__aligned_buffer<ma_class_t>::_M_addr() const
 .text._ZN9__gnu_cxx13new_allocatorISt14_Fwd_list_nodeI10ma_class_tEE8allocateEmPKv
                0x00000000000303ae       0x50 libmain.a(main.cpp.o)
                0x00000000000303ae                __gnu_cxx::new_allocator<std::_Fwd_list_node<ma_class_t> >::allocate(unsigned long, void const*)
 .text._ZSt9addressofISt14_Fwd_list_nodeI9ma_bbox_tEEPT_RS3_
                0x00000000000303fe       0x26 libmain.a(main.cpp.o)
                0x00000000000303fe                std::_Fwd_list_node<ma_bbox_t>* std::addressof<std::_Fwd_list_node<ma_bbox_t> >(std::_Fwd_list_node<ma_bbox_t>&)
 .text._ZN9__gnu_cxx13new_allocatorISt14_Fwd_list_nodeI9ma_bbox_tEE10deallocateEPS3_m
                0x0000000000030424       0x2c libmain.a(main.cpp.o)
                0x0000000000030424                __gnu_cxx::new_allocator<std::_Fwd_list_node<ma_bbox_t> >::deallocate(std::_Fwd_list_node<ma_bbox_t>*, unsigned long)
 .text._ZNK9__gnu_cxx16__aligned_bufferI9ma_bbox_tE7_M_addrEv
                0x0000000000030450       0x16 libmain.a(main.cpp.o)
                0x0000000000030450                __gnu_cxx::__aligned_buffer<ma_bbox_t>::_M_addr() const
 .text._ZN9__gnu_cxx13new_allocatorISt14_Fwd_list_nodeI9ma_bbox_tEE8allocateEmPKv
                0x0000000000030466       0x50 libmain.a(main.cpp.o)
                0x0000000000030466                __gnu_cxx::new_allocator<std::_Fwd_list_node<ma_bbox_t> >::allocate(unsigned long, void const*)
 .text._ZSt11__addressofISt14_Fwd_list_nodeI10ma_class_tEEPT_RS3_
                0x00000000000304b6       0x16 libmain.a(main.cpp.o)
                0x00000000000304b6                std::_Fwd_list_node<ma_class_t>* std::__addressof<std::_Fwd_list_node<ma_class_t> >(std::_Fwd_list_node<ma_class_t>&)
 .text._ZNK9__gnu_cxx13new_allocatorISt14_Fwd_list_nodeI10ma_class_tEE11_M_max_sizeEv
                0x00000000000304cc       0x16 libmain.a(main.cpp.o)
                0x00000000000304cc                __gnu_cxx::new_allocator<std::_Fwd_list_node<ma_class_t> >::_M_max_size() const
 .text._ZSt11__addressofISt14_Fwd_list_nodeI9ma_bbox_tEEPT_RS3_
                0x00000000000304e2       0x16 libmain.a(main.cpp.o)
                0x00000000000304e2                std::_Fwd_list_node<ma_bbox_t>* std::__addressof<std::_Fwd_list_node<ma_bbox_t> >(std::_Fwd_list_node<ma_bbox_t>&)
 .text._ZNK9__gnu_cxx13new_allocatorISt14_Fwd_list_nodeI9ma_bbox_tEE11_M_max_sizeEv
                0x00000000000304f8       0x16 libmain.a(main.cpp.o)
                0x00000000000304f8                __gnu_cxx::new_allocator<std::_Fwd_list_node<ma_bbox_t> >::_M_max_size() const
 .text          0x000000000003050e      0xa1c libsscma.a(ma_engine_cvi.cpp.o)
                0x000000000003050e                ma::engine::EngineCVI::EngineCVI()
                0x000000000003054e                ma::engine::EngineCVI::~EngineCVI()
                0x000000000003059a                ma::engine::EngineCVI::~EngineCVI()
                0x00000000000305c2                ma::engine::EngineCVI::init()
                0x00000000000305d6                ma::engine::EngineCVI::init(unsigned long)
                0x00000000000305ee                ma::engine::EngineCVI::init(void*, unsigned long)
                0x000000000003060a                ma::engine::EngineCVI::load(char const*)
                0x00000000000306a4                ma::engine::EngineCVI::load(std::__cxx11::basic_string<char, std::char_traits<char>, std::allocator<char> > const&)
                0x00000000000306d4                ma::engine::EngineCVI::load(void const*, unsigned long)
                0x000000000003077c                ma::engine::EngineCVI::run()
                0x00000000000307d0                ma::engine::EngineCVI::getInput(int)
                0x0000000000030930                ma::engine::EngineCVI::getOutput(int)
                0x0000000000030a8e                ma::engine::EngineCVI::getInputShape(int)
                0x0000000000030b42                ma::engine::EngineCVI::getOutputShape(int)
                0x0000000000030bf6                ma::engine::EngineCVI::getInputQuantParam(int)
                0x0000000000030c84                ma::engine::EngineCVI::getOutputQuantParam(int)
                0x0000000000030d12                ma::engine::EngineCVI::getInputSize()
                0x0000000000030d2a                ma::engine::EngineCVI::getOutputSize()
                0x0000000000030d42                ma::engine::EngineCVI::getInputNum(char const*)
                0x0000000000030db6                ma::engine::EngineCVI::getOutputNum(char const*)
                0x0000000000030e2a                ma::engine::EngineCVI::setInput(int, ma_tensor_t const&)
 .text._ZN2ma6engine6EngineC2Ev
                0x0000000000030f2a       0x24 libsscma.a(ma_engine_cvi.cpp.o)
                0x0000000000030f2a                ma::engine::Engine::Engine()
                0x0000000000030f2a                ma::engine::Engine::Engine()
 .text._ZN2ma6engine6EngineD2Ev
                0x0000000000030f4e       0x24 libsscma.a(ma_engine_cvi.cpp.o)
                0x0000000000030f4e                ma::engine::Engine::~Engine()
                0x0000000000030f4e                ma::engine::Engine::~Engine()
 .text._ZN2ma6engine6EngineD0Ev
                0x0000000000030f72       0x2c libsscma.a(ma_engine_cvi.cpp.o)
                0x0000000000030f72                ma::engine::Engine::~Engine()
 .text          0x0000000000030f9e      0x478 libsscma.a(ma_model_base.cpp.o)
                0x0000000000030f9e                ma::Model::Model(ma::engine::Engine*, char const*, ma_model_type_t)
                0x0000000000030f9e                ma::Model::Model(ma::engine::Engine*, char const*, ma_model_type_t)
                0x0000000000031056                ma::Model::~Model()
                0x0000000000031056                ma::Model::~Model()
                0x00000000000310ba                ma::Model::~Model()
                0x00000000000310e2                ma::Model::underlyingRun()
                0x000000000003125e                ma::Model::getPerf() const
                0x000000000003128a                ma::Model::getName() const
                0x00000000000312a2                ma::Model::getType() const
                0x00000000000312bc                ma::Model::setPreprocessDone(std::function<void (void*)>)
                0x00000000000312fc                ma::Model::setPostprocessDone(std::function<void (void*)>)
                0x000000000003133c                ma::Model::setRunDone(std::function<void (void*)>)
                0x000000000003137c                ma::Model::setUserCtx(void*)
 .text._ZNSt14_Function_baseC2Ev
                0x0000000000031416       0x1a libsscma.a(ma_model_base.cpp.o)
                0x0000000000031416                std::_Function_base::_Function_base()
                0x0000000000031416                std::_Function_base::_Function_base()
 .text._ZNSt14_Function_baseD2Ev
                0x0000000000031430       0x34 libsscma.a(ma_model_base.cpp.o)
                0x0000000000031430                std::_Function_base::~_Function_base()
                0x0000000000031430                std::_Function_base::~_Function_base()
 .text._ZNKSt14_Function_base8_M_emptyEv
                0x0000000000031464       0x20 libsscma.a(ma_model_base.cpp.o)
                0x0000000000031464                std::_Function_base::_M_empty() const
 .text._ZNSt8functionIFvPvEED2Ev
                0x0000000000031484       0x26 libsscma.a(ma_model_base.cpp.o)
                0x0000000000031484                std::function<void (void*)>::~function()
                0x0000000000031484                std::function<void (void*)>::~function()
 .text._ZNSt8functionIFvPvEEC2EDn
                0x00000000000314aa       0x2a libsscma.a(ma_model_base.cpp.o)
                0x00000000000314aa                std::function<void (void*)>::function(decltype(nullptr))
                0x00000000000314aa                std::function<void (void*)>::function(decltype(nullptr))
 .text._ZStneIvJPvEEbRKSt8functionIFT_DpT0_EEDn
                0x00000000000314d4       0x2a libsscma.a(ma_model_base.cpp.o)
                0x00000000000314d4                bool std::operator!=<void, void*>(std::function<void (void*)> const&, decltype(nullptr))
 .text._ZNKSt8functionIFvPvEEclES0_
                0x00000000000314fe       0x5c libsscma.a(ma_model_base.cpp.o)
                0x00000000000314fe                std::function<void (void*)>::operator()(void*) const
 .text._ZSt4moveIRSt8functionIFvPvEEEONSt16remove_referenceIT_E4typeEOS6_
                0x000000000003155a       0x16 libsscma.a(ma_model_base.cpp.o)
                0x000000000003155a                std::remove_reference<std::function<void (void*)>&>::type&& std::move<std::function<void (void*)>&>(std::function<void (void*)>&)
 .text._ZNSt8functionIFvPvEEaSEOS2_
                0x0000000000031570       0x64 libsscma.a(ma_model_base.cpp.o)
                0x0000000000031570                std::function<void (void*)>::operator=(std::function<void (void*)>&&)
 .text._ZNKSt8functionIFvPvEEcvbEv
                0x00000000000315d4       0x30 libsscma.a(ma_model_base.cpp.o)
                0x00000000000315d4                std::function<void (void*)>::operator bool() const
 .text._ZSt7forwardIPvEOT_RNSt16remove_referenceIS1_E4typeE
                0x0000000000031604       0x16 libsscma.a(ma_model_base.cpp.o)
                0x0000000000031604                void*&& std::forward<void*>(std::remove_reference<void*>::type&)
 .text._ZNSt8functionIFvPvEEC2EOS2_
                0x000000000003161a       0x3c libsscma.a(ma_model_base.cpp.o)
                0x000000000003161a                std::function<void (void*)>::function(std::function<void (void*)>&&)
                0x000000000003161a                std::function<void (void*)>::function(std::function<void (void*)>&&)
 .text._ZNSt8functionIFvPvEE4swapERS2_
                0x0000000000031656       0x68 libsscma.a(ma_model_base.cpp.o)
                0x0000000000031656                std::function<void (void*)>::swap(std::function<void (void*)>&)
 .text._ZSt4moveIRSt9_Any_dataEONSt16remove_referenceIT_E4typeEOS3_
                0x00000000000316be       0x16 libsscma.a(ma_model_base.cpp.o)
                0x00000000000316be                std::remove_reference<std::_Any_data&>::type&& std::move<std::_Any_data&>(std::_Any_data&)
 .text._ZSt4swapISt9_Any_dataENSt9enable_ifIXsrSt6__and_IJSt6__not_ISt15__is_tuple_likeIT_EESt21is_move_constructibleIS5_ESt18is_move_assignableIS5_EEE5valueEvE4typeERS5_SF_
                0x00000000000316d4       0x70 libsscma.a(ma_model_base.cpp.o)
                0x00000000000316d4                std::enable_if<std::__and_<std::__not_<std::__is_tuple_like<std::_Any_data> >, std::is_move_constructible<std::_Any_data>, std::is_move_assignable<std::_Any_data> >::value, void>::type std::swap<std::_Any_data>(std::_Any_data&, std::_Any_data&)
 .text._ZSt4moveIRPFbRSt9_Any_dataRKS0_St18_Manager_operationEEONSt16remove_referenceIT_E4typeEOS9_
                0x0000000000031744       0x16 libsscma.a(ma_model_base.cpp.o)
                0x0000000000031744                std::remove_reference<bool (*&)(std::_Any_data&, std::_Any_data const&, std::_Manager_operation)>::type&& std::move<bool (*&)(std::_Any_data&, std::_Any_data const&, std::_Manager_operation)>(bool (*&)(std::_Any_data&, std::_Any_data const&, std::_Manager_operation))
 .text._ZSt4swapIPFbRSt9_Any_dataRKS0_St18_Manager_operationEENSt9enable_ifIXsrSt6__and_IJSt6__not_ISt15__is_tuple_likeIT_EESt21is_move_constructibleISB_ESt18is_move_assignableISB_EEE5valueEvE4typeERSB_SL_
                0x000000000003175a       0x62 libsscma.a(ma_model_base.cpp.o)
                0x000000000003175a                std::enable_if<std::__and_<std::__not_<std::__is_tuple_like<bool (*)(std::_Any_data&, std::_Any_data const&, std::_Manager_operation)> >, std::is_move_constructible<bool (*)(std::_Any_data&, std::_Any_data const&, std::_Manager_operation)>, std::is_move_assignable<bool (*)(std::_Any_data&, std::_Any_data const&, std::_Manager_operation)> >::value, void>::type std::swap<bool (*)(std::_Any_data&, std::_Any_data const&, std::_Manager_operation)>(bool (*&)(std::_Any_data&, std::_Any_data const&, std::_Manager_operation), bool (*&)(std::_Any_data&, std::_Any_data const&, std::_Manager_operation))
 .text._ZSt4moveIRPFvRKSt9_Any_dataOPvEEONSt16remove_referenceIT_E4typeEOS9_
                0x00000000000317bc       0x16 libsscma.a(ma_model_base.cpp.o)
                0x00000000000317bc                std::remove_reference<void (*&)(std::_Any_data const&, void*&&)>::type&& std::move<void (*&)(std::_Any_data const&, void*&&)>(void (*&)(std::_Any_data const&, void*&&))
 .text._ZSt4swapIPFvRKSt9_Any_dataOPvEENSt9enable_ifIXsrSt6__and_IJSt6__not_ISt15__is_tuple_likeIT_EESt21is_move_constructibleISB_ESt18is_move_assignableISB_EEE5valueEvE4typeERSB_SL_
                0x00000000000317d2       0x62 libsscma.a(ma_model_base.cpp.o)
                0x00000000000317d2                std::enable_if<std::__and_<std::__not_<std::__is_tuple_like<void (*)(std::_Any_data const&, void*&&)> >, std::is_move_constructible<void (*)(std::_Any_data const&, void*&&)>, std::is_move_assignable<void (*)(std::_Any_data const&, void*&&)> >::value, void>::type std::swap<void (*)(std::_Any_data const&, void*&&)>(void (*&)(std::_Any_data const&, void*&&), void (*&)(std::_Any_data const&, void*&&))
 .text          0x0000000000031834      0xa44 libsscma.a(ma_model_classifier.cpp.o)
                0x0000000000031834                ma::model::Classifier::Classifier(ma::engine::Engine*)
                0x0000000000031834                ma::model::Classifier::Classifier(ma::engine::Engine*)
                0x0000000000031ace                ma::model::Classifier::~Classifier()
                0x0000000000031ace                ma::model::Classifier::~Classifier()
                0x0000000000031b14                ma::model::Classifier::~Classifier()
                0x0000000000031b3c                ma::model::Classifier::isValid(ma::engine::Engine*)
                0x0000000000031ca6                ma::model::Classifier::preprocess()
                0x0000000000031d8a                ma::model::Classifier::postprocess()
                0x0000000000031ede                ma::model::Classifier::getResults()
                0x0000000000031ef8                ma::model::Classifier::getInputImg()
                0x0000000000031f12                ma::model::Classifier::run(ma_img_t const*)
                0x0000000000031f44                ma::model::Classifier::setConfig(ma_model_cfg_opt_t, ...)
                0x0000000000031fb2                ma::model::Classifier::getConfig(ma_model_cfg_opt_t, ...)
 .text._ZNSt14_Fwd_list_baseI10ma_class_tSaIS0_EEC2Ev
                0x0000000000032278       0x26 libsscma.a(ma_model_classifier.cpp.o)
                0x0000000000032278                std::_Fwd_list_base<ma_class_t, std::allocator<ma_class_t> >::_Fwd_list_base()
                0x0000000000032278                std::_Fwd_list_base<ma_class_t, std::allocator<ma_class_t> >::_Fwd_list_base()
 .text._ZNSt12forward_listI10ma_class_tSaIS0_EEC2Ev
                0x000000000003229e       0x26 libsscma.a(ma_model_classifier.cpp.o)
                0x000000000003229e                std::forward_list<ma_class_t, std::allocator<ma_class_t> >::forward_list()
                0x000000000003229e                std::forward_list<ma_class_t, std::allocator<ma_class_t> >::forward_list()
 .text._ZNSt14_Fwd_list_baseI10ma_class_tSaIS0_EE14_Fwd_list_implC2Ev
                0x00000000000322c4       0x3c libsscma.a(ma_model_classifier.cpp.o)
                0x00000000000322c4                std::_Fwd_list_base<ma_class_t, std::allocator<ma_class_t> >::_Fwd_list_impl::_Fwd_list_impl()
                0x00000000000322c4                std::_Fwd_list_base<ma_class_t, std::allocator<ma_class_t> >::_Fwd_list_impl::_Fwd_list_impl()
 .text._ZNSt12forward_listI10ma_class_tSaIS0_EE5clearEv
                0x0000000000032300       0x2e libsscma.a(ma_model_classifier.cpp.o)
                0x0000000000032300                std::forward_list<ma_class_t, std::allocator<ma_class_t> >::clear()
 .text._ZNSt12forward_listI10ma_class_tSaIS0_EE13emplace_frontIJS0_EEERS0_DpOT_
                0x000000000003232e       0x66 libsscma.a(ma_model_classifier.cpp.o)
                0x000000000003232e                ma_class_t& std::forward_list<ma_class_t, std::allocator<ma_class_t> >::emplace_front<ma_class_t>(ma_class_t&&)
 .text._ZNSaISt14_Fwd_list_nodeI10ma_class_tEEC2Ev
                0x0000000000032394       0x24 libsscma.a(ma_model_classifier.cpp.o)
                0x0000000000032394                std::allocator<std::_Fwd_list_node<ma_class_t> >::allocator()
                0x0000000000032394                std::allocator<std::_Fwd_list_node<ma_class_t> >::allocator()
 .text._ZNKSt12forward_listI10ma_class_tSaIS0_EE13cbefore_beginEv
                0x00000000000323b8       0x30 libsscma.a(ma_model_classifier.cpp.o)
                0x00000000000323b8                std::forward_list<ma_class_t, std::allocator<ma_class_t> >::cbefore_begin() const
 .text._ZSt7forwardI10ma_class_tEOT_RNSt16remove_referenceIS1_E4typeE
                0x00000000000323e8       0x16 libsscma.a(ma_model_classifier.cpp.o)
                0x00000000000323e8                ma_class_t&& std::forward<ma_class_t>(std::remove_reference<ma_class_t>::type&)
 .text._ZNSt14_Fwd_list_baseI10ma_class_tSaIS0_EE15_M_insert_afterIJS0_EEEPSt19_Fwd_list_node_baseSt24_Fwd_list_const_iteratorIS0_EDpOT_
                0x00000000000323fe       0x68 libsscma.a(ma_model_classifier.cpp.o)
                0x00000000000323fe                std::_Fwd_list_node_base* std::_Fwd_list_base<ma_class_t, std::allocator<ma_class_t> >::_M_insert_after<ma_class_t>(std::_Fwd_list_const_iterator<ma_class_t>, ma_class_t&&)
 .text._ZNSt12forward_listI10ma_class_tSaIS0_EE5frontEv
                0x0000000000032466       0x30 libsscma.a(ma_model_classifier.cpp.o)
                0x0000000000032466                std::forward_list<ma_class_t, std::allocator<ma_class_t> >::front()
 .text._ZN9__gnu_cxx13new_allocatorISt14_Fwd_list_nodeI10ma_class_tEEC2Ev
                0x0000000000032496       0x12 libsscma.a(ma_model_classifier.cpp.o)
                0x0000000000032496                __gnu_cxx::new_allocator<std::_Fwd_list_node<ma_class_t> >::new_allocator()
                0x0000000000032496                __gnu_cxx::new_allocator<std::_Fwd_list_node<ma_class_t> >::new_allocator()
 .text._ZNSt14_Fwd_list_baseI10ma_class_tSaIS0_EE14_M_create_nodeIJS0_EEEPSt14_Fwd_list_nodeIS0_EDpOT_
                0x00000000000324a8       0x9a libsscma.a(ma_model_classifier.cpp.o)
                0x00000000000324a8                std::_Fwd_list_node<ma_class_t>* std::_Fwd_list_base<ma_class_t, std::allocator<ma_class_t> >::_M_create_node<ma_class_t>(ma_class_t&&)
 .text._ZNSt16allocator_traitsISaISt14_Fwd_list_nodeI10ma_class_tEEE9constructIS1_JS1_EEEvRS3_PT_DpOT0_
                0x0000000000032542       0x42 libsscma.a(ma_model_classifier.cpp.o)
                0x0000000000032542                void std::allocator_traits<std::allocator<std::_Fwd_list_node<ma_class_t> > >::construct<ma_class_t, ma_class_t>(std::allocator<std::_Fwd_list_node<ma_class_t> >&, ma_class_t*, ma_class_t&&)
 .text._ZN9__gnu_cxx13new_allocatorISt14_Fwd_list_nodeI10ma_class_tEE9constructIS2_JS2_EEEvPT_DpOT0_
                0x0000000000032584       0x4a libsscma.a(ma_model_classifier.cpp.o)
                0x0000000000032584                void __gnu_cxx::new_allocator<std::_Fwd_list_node<ma_class_t> >::construct<ma_class_t, ma_class_t>(ma_class_t*, ma_class_t&&)
 .text          0x00000000000325ce      0x528 libsscma.a(ma_model_detector.cpp.o)
                0x00000000000325ce                ma::model::Detector::Detector(ma::engine::Engine*, char const*, ma_model_type_t)
                0x00000000000325ce                ma::model::Detector::Detector(ma::engine::Engine*, char const*, ma_model_type_t)
                0x00000000000327c2                ma::model::Detector::preprocess()
                0x0000000000032870                ma::model::Detector::getResults()
                0x000000000003288a                ma::model::Detector::getInputImg()
                0x00000000000328a4                ma::model::Detector::run(ma_img_t const*)
                0x00000000000328d6                ma::model::Detector::setConfig(ma_model_cfg_opt_t, ...)
                0x000000000003296a                ma::model::Detector::getConfig(ma_model_cfg_opt_t, ...)
                0x0000000000032a0e                ma::model::Detector::~Detector()
                0x0000000000032a0e                ma::model::Detector::~Detector()
                0x0000000000032a54                ma::model::Detector::~Detector()
 .text._ZNSt14_Fwd_list_baseI9ma_bbox_tSaIS0_EEC2Ev
                0x0000000000032af6       0x26 libsscma.a(ma_model_detector.cpp.o)
                0x0000000000032af6                std::_Fwd_list_base<ma_bbox_t, std::allocator<ma_bbox_t> >::_Fwd_list_base()
                0x0000000000032af6                std::_Fwd_list_base<ma_bbox_t, std::allocator<ma_bbox_t> >::_Fwd_list_base()
 .text._ZNSt12forward_listI9ma_bbox_tSaIS0_EEC2Ev
                0x0000000000032b1c       0x26 libsscma.a(ma_model_detector.cpp.o)
                0x0000000000032b1c                std::forward_list<ma_bbox_t, std::allocator<ma_bbox_t> >::forward_list()
                0x0000000000032b1c                std::forward_list<ma_bbox_t, std::allocator<ma_bbox_t> >::forward_list()
 .text._ZNSt14_Fwd_list_baseI9ma_bbox_tSaIS0_EE14_Fwd_list_implC2Ev
                0x0000000000032b42       0x3c libsscma.a(ma_model_detector.cpp.o)
                0x0000000000032b42                std::_Fwd_list_base<ma_bbox_t, std::allocator<ma_bbox_t> >::_Fwd_list_impl::_Fwd_list_impl()
                0x0000000000032b42                std::_Fwd_list_base<ma_bbox_t, std::allocator<ma_bbox_t> >::_Fwd_list_impl::_Fwd_list_impl()
 .text._ZNSaISt14_Fwd_list_nodeI9ma_bbox_tEEC2Ev
                0x0000000000032b7e       0x24 libsscma.a(ma_model_detector.cpp.o)
                0x0000000000032b7e                std::allocator<std::_Fwd_list_node<ma_bbox_t> >::allocator()
                0x0000000000032b7e                std::allocator<std::_Fwd_list_node<ma_bbox_t> >::allocator()
 .text._ZN9__gnu_cxx13new_allocatorISt14_Fwd_list_nodeI9ma_bbox_tEEC2Ev
                0x0000000000032ba2       0x12 libsscma.a(ma_model_detector.cpp.o)
                0x0000000000032ba2                __gnu_cxx::new_allocator<std::_Fwd_list_node<ma_bbox_t> >::new_allocator()
                0x0000000000032ba2                __gnu_cxx::new_allocator<std::_Fwd_list_node<ma_bbox_t> >::new_allocator()
 .text          0x0000000000032bb4      0x304 libsscma.a(ma_model_factory.cpp.o)
                0x0000000000032bb4                ma::ModelFactory::create(ma::engine::Engine*, unsigned long)
                0x0000000000032e0c                ma::ModelFactory::remove(ma::Model*)
 .text          0x0000000000032eb8      0x808 libsscma.a(ma_model_fomo.cpp.o)
                0x0000000000032eb8                ma::model::FOMO::FOMO(ma::engine::Engine*)
                0x0000000000032eb8                ma::model::FOMO::FOMO(ma::engine::Engine*)
                0x0000000000032efc                ma::model::FOMO::~FOMO()
                0x0000000000032efc                ma::model::FOMO::~FOMO()
                0x0000000000032f2e                ma::model::FOMO::~FOMO()
                0x0000000000032f56                ma::model::FOMO::isValid(ma::engine::Engine*)
                0x000000000003311c                ma::model::FOMO::getTag()
                0x0000000000033132                ma::model::FOMO::postprocess()
                0x00000000000331ba                ma::model::FOMO::postProcessI8()
 .text._ZNSt12forward_listI9ma_bbox_tSaIS0_EE5clearEv
                0x00000000000336c0       0x2e libsscma.a(ma_model_fomo.cpp.o)
                0x00000000000336c0                std::forward_list<ma_bbox_t, std::allocator<ma_bbox_t> >::clear()
 .text._ZSt4moveIR9ma_bbox_tEONSt16remove_referenceIT_E4typeEOS3_
                0x00000000000336ee       0x16 libsscma.a(ma_model_fomo.cpp.o)
                0x00000000000336ee                std::remove_reference<ma_bbox_t&>::type&& std::move<ma_bbox_t&>(ma_bbox_t&)
 .text._ZNSt12forward_listI9ma_bbox_tSaIS0_EE13emplace_frontIJS0_EEERS0_DpOT_
                0x0000000000033704       0x66 libsscma.a(ma_model_fomo.cpp.o)
                0x0000000000033704                ma_bbox_t& std::forward_list<ma_bbox_t, std::allocator<ma_bbox_t> >::emplace_front<ma_bbox_t>(ma_bbox_t&&)
 .text._ZNKSt12forward_listI9ma_bbox_tSaIS0_EE13cbefore_beginEv
                0x000000000003376a       0x30 libsscma.a(ma_model_fomo.cpp.o)
                0x000000000003376a                std::forward_list<ma_bbox_t, std::allocator<ma_bbox_t> >::cbefore_begin() const
 .text._ZSt7forwardI9ma_bbox_tEOT_RNSt16remove_referenceIS1_E4typeE
                0x000000000003379a       0x16 libsscma.a(ma_model_fomo.cpp.o)
                0x000000000003379a                ma_bbox_t&& std::forward<ma_bbox_t>(std::remove_reference<ma_bbox_t>::type&)
 .text._ZNSt14_Fwd_list_baseI9ma_bbox_tSaIS0_EE15_M_insert_afterIJS0_EEEPSt19_Fwd_list_node_baseSt24_Fwd_list_const_iteratorIS0_EDpOT_
                0x00000000000337b0       0x68 libsscma.a(ma_model_fomo.cpp.o)
                0x00000000000337b0                std::_Fwd_list_node_base* std::_Fwd_list_base<ma_bbox_t, std::allocator<ma_bbox_t> >::_M_insert_after<ma_bbox_t>(std::_Fwd_list_const_iterator<ma_bbox_t>, ma_bbox_t&&)
 .text._ZNSt12forward_listI9ma_bbox_tSaIS0_EE5frontEv
                0x0000000000033818       0x30 libsscma.a(ma_model_fomo.cpp.o)
                0x0000000000033818                std::forward_list<ma_bbox_t, std::allocator<ma_bbox_t> >::front()
 .text._ZNSt14_Fwd_list_baseI9ma_bbox_tSaIS0_EE14_M_create_nodeIJS0_EEEPSt14_Fwd_list_nodeIS0_EDpOT_
                0x0000000000033848       0x9c libsscma.a(ma_model_fomo.cpp.o)
                0x0000000000033848                std::_Fwd_list_node<ma_bbox_t>* std::_Fwd_list_base<ma_bbox_t, std::allocator<ma_bbox_t> >::_M_create_node<ma_bbox_t>(ma_bbox_t&&)